Archive member included to satisfy reference by file (symbol)

D:\ClearCore-Motion-Stack\ProjectTemplate\EtherCATSlaveFirmware\..\LwIP\Release\libLwIP.a(pbuf.o)
                              protocol/ethercat_slave/ethercat_slave.o (pbuf_alloc)
D:\ClearCore-Motion-Stack\ProjectTemplate\EtherCATSlaveFirmware\..\LwIP\Release\libLwIP.a(tcp.o)
                              D:\ClearCore-Motion-Stack\ProjectTemplate\EtherCATSlaveFirmware\..\LwIP\Release\libLwIP.a(pbuf.o) (tcp_active_pcbs)
D:\ClearCore-Motion-Stack\ProjectTemplate\EtherCATSlaveFirmware\..\LwIP\Release\libLwIP.a(tcp_in.o)
                              D:\ClearCore-Motion-Stack\ProjectTemplate\EtherCATSlaveFirmware\..\LwIP\Release\libLwIP.a(tcp.o) (tcp_input_pcb)
D:\ClearCore-Motion-Stack\ProjectTemplate\EtherCATSlaveFirmware\..\LwIP\Release\libLwIP.a(tcp_out.o)
                              D:\ClearCore-Motion-Stack\ProjectTemplate\EtherCATSlaveFirmware\..\LwIP\Release\libLwIP.a(tcp.o) (tcp_split_unsent_seg)
D:\ClearCore-Motion-Stack\ProjectTemplate\EtherCATSlaveFirmware\..\LwIP\Release\libLwIP.a(timeouts.o)
                              D:\ClearCore-Motion-Stack\ProjectTemplate\EtherCATSlaveFirmware\..\LwIP\Release\libLwIP.a(tcp.o) (tcp_timer_needed)
D:\ClearCore-Motion-Stack\ProjectTemplate\EtherCATSlaveFirmware\..\LwIP\Release\libLwIP.a(ethernet.o)
                              protocol/ethercat_slave/ethercat_slave.o (ethernet_output)
D:\ClearCore-Motion-Stack\ProjectTemplate\EtherCATSlaveFirmware\..\LwIP\Release\libLwIP.a(tcpip.o)
                              D:\ClearCore-Motion-Stack\ProjectTemplate\EtherCATSlaveFirmware\..\LwIP\Release\libLwIP.a(pbuf.o) (tcpip_try_callback)
D:\ClearCore-Motion-Stack\ProjectTemplate\EtherCATSlaveFirmware\..\LwIP\Release\libLwIP.a(def.o)
                              D:\ClearCore-Motion-Stack\ProjectTemplate\EtherCATSlaveFirmware\..\LwIP\Release\libLwIP.a(tcp_in.o) (lwip_htons)
D:\ClearCore-Motion-Stack\ProjectTemplate\EtherCATSlaveFirmware\..\LwIP\Release\libLwIP.a(dns.o)
                              D:\ClearCore-Motion-Stack\ProjectTemplate\EtherCATSlaveFirmware\..\LwIP\Release\libLwIP.a(timeouts.o) (dns_tmr)
D:\ClearCore-Motion-Stack\ProjectTemplate\EtherCATSlaveFirmware\..\LwIP\Release\libLwIP.a(inet_chksum.o)
                              D:\ClearCore-Motion-Stack\ProjectTemplate\EtherCATSlaveFirmware\..\LwIP\Release\libLwIP.a(tcp_in.o) (ip_chksum_pseudo)
D:\ClearCore-Motion-Stack\ProjectTemplate\EtherCATSlaveFirmware\..\LwIP\Release\libLwIP.a(init.o)
                              D:\ClearCore-Motion-Stack\ProjectTemplate\EtherCATSlaveFirmware\..\LwIP\Release\libLwIP.a(tcpip.o) (lwip_init)
D:\ClearCore-Motion-Stack\ProjectTemplate\EtherCATSlaveFirmware\..\LwIP\Release\libLwIP.a(ip.o)
                              D:\ClearCore-Motion-Stack\ProjectTemplate\EtherCATSlaveFirmware\..\LwIP\Release\libLwIP.a(tcp_in.o) (ip_data)
D:\ClearCore-Motion-Stack\ProjectTemplate\EtherCATSlaveFirmware\..\LwIP\Release\libLwIP.a(autoip.o)
                              D:\ClearCore-Motion-Stack\ProjectTemplate\EtherCATSlaveFirmware\..\LwIP\Release\libLwIP.a(timeouts.o) (autoip_tmr)
D:\ClearCore-Motion-Stack\ProjectTemplate\EtherCATSlaveFirmware\..\LwIP\Release\libLwIP.a(dhcp.o)
                              D:\ClearCore-Motion-Stack\ProjectTemplate\EtherCATSlaveFirmware\..\LwIP\Release\libLwIP.a(timeouts.o) (dhcp_coarse_tmr)
D:\ClearCore-Motion-Stack\ProjectTemplate\EtherCATSlaveFirmware\..\LwIP\Release\libLwIP.a(etharp.o)
                              D:\ClearCore-Motion-Stack\ProjectTemplate\EtherCATSlaveFirmware\..\LwIP\Release\libLwIP.a(timeouts.o) (etharp_tmr)
D:\ClearCore-Motion-Stack\ProjectTemplate\EtherCATSlaveFirmware\..\LwIP\Release\libLwIP.a(ip4.o)
                              D:\ClearCore-Motion-Stack\ProjectTemplate\EtherCATSlaveFirmware\..\LwIP\Release\libLwIP.a(tcp.o) (ip4_route)
D:\ClearCore-Motion-Stack\ProjectTemplate\EtherCATSlaveFirmware\..\LwIP\Release\libLwIP.a(ip4_addr.o)
                              D:\ClearCore-Motion-Stack\ProjectTemplate\EtherCATSlaveFirmware\..\LwIP\Release\libLwIP.a(tcp_in.o) (ip4_addr_isbroadcast_u32)
D:\ClearCore-Motion-Stack\ProjectTemplate\EtherCATSlaveFirmware\..\LwIP\Release\libLwIP.a(ip4_frag.o)
                              D:\ClearCore-Motion-Stack\ProjectTemplate\EtherCATSlaveFirmware\..\LwIP\Release\libLwIP.a(timeouts.o) (ip_reass_tmr)
D:\ClearCore-Motion-Stack\ProjectTemplate\EtherCATSlaveFirmware\..\LwIP\Release\libLwIP.a(mem.o)
                              D:\ClearCore-Motion-Stack\ProjectTemplate\EtherCATSlaveFirmware\..\LwIP\Release\libLwIP.a(init.o) (mem_init)
D:\ClearCore-Motion-Stack\ProjectTemplate\EtherCATSlaveFirmware\..\LwIP\Release\libLwIP.a(memp.o)
                              D:\ClearCore-Motion-Stack\ProjectTemplate\EtherCATSlaveFirmware\..\LwIP\Release\libLwIP.a(init.o) (memp_init)
D:\ClearCore-Motion-Stack\ProjectTemplate\EtherCATSlaveFirmware\..\LwIP\Release\libLwIP.a(netif.o)
[...]
Memory Configuration

Name             Origin             Length             Attributes
FLASH            0x00004000         0x0007c000         xr
RAM              0x20000000         0x00030000         xrw
*default*        0x00000000         0xffffffff

Linker script and memory map

LOAD c:/program files (x86)/atmel/studio/7.0/toolchain/arm/arm-gnu-toolchain/bin/../lib/gcc/arm-none-eabi/6.3.1/thumb/v7e-m/fpv4-sp/hard/crti.o
LOAD c:/program files (x86)/atmel/studio/7.0/toolchain/arm/arm-gnu-toolchain/bin/../lib/gcc/arm-none-eabi/6.3.1/thumb/v7e-m/fpv4-sp/hard/crtbegin.o
LOAD c:/program files (x86)/atmel/studio/7.0/toolchain/arm/arm-gnu-toolchain/bin/../lib/gcc/arm-none-eabi/6.3.1/../../../../arm-none-eabi/lib/thumb/v7e-m/fpv4-sp/hard/rdimon-crt0.o
LOAD startup_same53.o
LOAD main.o
LOAD protocol/ethercat_slave/ethercat_slave.o
START GROUP
LOAD C:\Program Files (x86)\Atmel\Studio\7.0\Packs\arm\CMSIS\4.5.0\CMSIS\Lib\GCC\libarm_cortexM4lf_math.a
LOAD D:\ClearCore-Motion-Stack\ProjectTemplate\EtherCATSlaveFirmware\..\LwIP\Release\libLwIP.a
LOAD D:\ClearCore-Motion-Stack\ProjectTemplate\libClearCore\Release\libClearCore.a
LOAD D:\ClearCore-Motion-Stack\ProjectTemplate\EtherCATSlaveFirmware\..\LwIP\Release\libLwIP.a
END GROUP
LOAD c:/program files (x86)/atmel/studio/7.0/toolchain/arm/arm-gnu-toolchain/bin/../lib/gcc/arm-none-eabi/6.3.1/../../../../arm-none-eabi/lib/thumb/v7e-m/fpv4-sp/hard\libstdc++.a
LOAD c:/program files (x86)/atmel/studio/7.0/toolchain/arm/arm-gnu-toolchain/bin/../lib/gcc/arm-none-eabi/6.3.1/../../../../arm-none-eabi/lib/thumb/v7e-m/fpv4-sp/hard\libm.a
START GROUP
LOAD c:/program files (x86)/atmel/studio/7.0/toolchain/arm/arm-gnu-toolchain/bin/../lib/gcc/arm-none-eabi/6.3.1/thumb/v7e-m/fpv4-sp/hard\libgcc.a
LOAD c:/program files (x86)/atmel/studio/7.0/toolchain/arm/arm-gnu-toolchain/bin/../lib/gcc/arm-none-eabi/6.3.1/../../../../arm-none-eabi/lib/thumb/v7e-m/fpv4-sp/hard\libc.a
END GROUP
START GROUP
LOAD c:/program files (x86)/atmel/studio/7.0/toolchain/arm/arm-gnu-toolchain/bin/../lib/gcc/arm-none-eabi/6.3.1/thumb/v7e-m/fpv4-sp/hard\libgcc.a
LOAD c:/program files (x86)/atmel/studio/7.0/toolchain/arm/arm-gnu-toolchain/bin/../lib/gcc/arm-none-eabi/6.3.1/../../../../arm-none-eabi/lib/thumb/v7e-m/fpv4-sp/hard\libc.a
LOAD c:/program files (x86)/atmel/studio/7.0/toolchain/arm/arm-gnu-toolchain/bin/../lib/gcc/arm-none-eabi/6.3.1/../../../../arm-none-eabi/lib/thumb/v7e-m/fpv4-sp/hard\librdimon.a
END GROUP
LOAD c:/program files (x86)/atmel/studio/7.0/toolchain/arm/arm-gnu-toolchain/bin/../lib/gcc/arm-none-eabi/6.3.1/thumb/v7e-m/fpv4-sp/hard/crtend.o
LOAD c:/program files (x86)/atmel/studio/7.0/toolchain/arm/arm-gnu-toolchain/bin/../lib/gcc/arm-none-eabi/6.3.1/thumb/v7e-m/fpv4-sp/hard/crtn.o

.text           0x00004000    0x30c98
                0x00004000                __text_start__ = .
 *(.sketch_boot)
                0x00004000                . = ALIGN (0x4000)
 *(.vectors)
 .vectors       0x00004000      0x264 startup_same53.o
                0x00004000                exception_table
 *(.text*)
 .text          0x00004264       0x6c c:/program files (x86)/atmel/studio/7.0/toolchain/arm/arm-gnu-toolchain/bin/../lib/gcc/arm-none-eabi/6.3.1/thumb/v7e-m/fpv4-sp/hard/crtbegin.o
 .text          0x000042d0        0x4 startup_same53.o
                0x000042d0                SVCall_Handler
                0x000042d0                EVSYS_0_Handler
                0x000042d0                TCC1_3_Handler
                0x000042d0                DAC_3_Handler
                0x000042d0                TRNG_Handler
                0x000042d0                HardFault_Handler
                0x000042d0                TC2_Handler
                0x000042d0                PDEC_2_Handler
                0x000042d0                AC_Handler
                0x000042d0                SERCOM3_1_Handler
                0x000042d0                TCC2_3_Handler
                0x000042d0                SERCOM3_2_Handler
                0x000042d0                PendSV_Handler
                0x000042d0                TC7_Handler
                0x000042d0                ADC1_1_Handler
                0x000042d0                EVSYS_3_Handler
                0x000042d0                PDEC_0_Handler
                0x000042d0                QSPI_Handler
                0x000042d0                NonMaskableInt_Handler
                0x000042d0                MemManagement_Handler
                0x000042d0                DAC_2_Handler
                0x000042d0                RTC_Handler
                0x000042d0                UsageFault_Handler
                0x000042d0                SERCOM4_0_Handler
                0x000042d0                OSC32KCTRL_Handler
                0x000042d0                TCC2_1_Handler
                0x000042d0                SUPC_1_Handler
                0x000042d0                TCC0_5_Handler
                0x000042d0                TCC0_6_Handler
                0x000042d0                SERCOM6_2_Handler
                0x000042d0                EVSYS_1_Handler
                0x000042d0                TCC1_4_Handler
                0x000042d0                TC6_Handler
                0x000042d0                DMAC_0_Handler
                0x000042d0                WDT_Handler
                0x000042d0                SERCOM6_0_Handler
                0x000042d0                SERCOM5_0_Handler
                0x000042d0                TC4_Handler
                0x000042d0                TC1_Handler
                0x000042d0                OSCCTRL_4_Handler
                0x000042d0                SERCOM4_3_Handler
                0x000042d0                DMAC_4_Handler
                0x000042d0                TCC4_2_Handler
                0x000042d0                PAC_Handler
                0x000042d0                TCC1_0_Handler
                0x000042d0                OSCCTRL_0_Handler
                0x000042d0                OSCCTRL_3_Handler
                0x000042d0                SERCOM4_1_Handler
                0x000042d0                TC3_Handler
                0x000042d0                Dummy_Handler
                0x000042d0                TCC2_2_Handler
                0x000042d0                SERCOM5_1_Handler
                0x000042d0                TCC1_1_Handler
                0x000042d0                DMAC_2_Handler
                0x000042d0                ADC0_0_Handler
                0x000042d0                SERCOM0_1_Handler
                0x000042d0                OSCCTRL_2_Handler
                0x000042d0                ADC1_0_Handler
                0x000042d0                TCC1_2_Handler
                0x000042d0                SERCOM7_1_Handler
                0x000042d0                PM_Handler
                0x000042d0                SERCOM6_3_Handler
                0x000042d0                DAC_4_Handler
                0x000042d0                TCC3_2_Handler
                0x000042d0                TCC0_2_Handler
                0x000042d0                DMAC_1_Handler
                0x000042d0                SDHC1_Handler
                0x000042d0                TCC2_0_Handler
                0x000042d0                PDEC_1_Handler
                0x000042d0                TCC4_1_Handler
                0x000042d0                SERCOM5_3_Handler
                0x000042d0                SERCOM6_1_Handler
                0x000042d0                SDHC0_Handler
                0x000042d0                SERCOM1_1_Handler
                0x000042d0                I2S_Handler
                0x000042d0                PCC_Handler
                0x000042d0                DAC_0_Handler
                0x000042d0                TCC0_1_Handler
                0x000042d0                SERCOM1_3_Handler
                0x000042d0                OSCCTRL_1_Handler
                0x000042d0                SERCOM1_0_Handler
                0x000042d0                PUKCC_Handler
                0x000042d0                SERCOM2_1_Handler
                0x000042d0                SERCOM1_2_Handler
                0x000042d0                SERCOM3_0_Handler
                0x000042d0                SERCOM4_2_Handler
                0x000042d0                EVSYS_4_Handler
                0x000042d0                NVMCTRL_1_Handler
                0x000042d0                SERCOM5_2_Handler
                0x000042d0                SERCOM3_3_Handler
                0x000042d0                ADC0_1_Handler
                0x000042d0                TCC3_1_Handler
                0x000042d0                DAC_1_Handler
                0x000042d0                NVMCTRL_0_Handler
                0x000042d0                MCLK_Handler
                0x000042d0                EVSYS_2_Handler
                0x000042d0                SUPC_0_Handler
                0x000042d0                BusFault_Handler
                0x000042d0                FREQM_Handler
                0x000042d0                TC0_Handler
                0x000042d0                TCC0_3_Handler
                0x000042d0                DMAC_3_Handler
                0x000042d0                DebugMonitor_Handler
                0x000042d0                TCC0_4_Handler
                0x000042d0                RAMECC_Handler
                0x000042d0                TC5_Handler
                0x000042d0                AES_Handler
                0x000042d0                ICM_Handler
 .text          0x000042d4       0x4c main.o
 .text.startup  0x00004320      0xa90 main.o
                0x00004320                main
 .text          0x00004db0     0x1568 protocol/ethercat_slave/ethercat_slave.o
                0x000055cc                ethercat_slave::EthercatSlaveInit(netif*)
                0x00005720                ethercat_slave::EthercatSlaveCyclic()
                0x00005754                ethercat_slave::EthercatSlaveHandleFrame(pbuf*, netif*)
                0x000061ec                ethercat_slave::EthercatSlaveSendStatusFrame(eth_addr const&)
                0x0000629c                ethercat_slave::CommandImage()
                0x000062a4                ethercat_slave::StatusImage()
                0x000062ac                ethercat_slave::Stats()
                0x000062b4                EthercatSlave_LwipUnknownEthProtocolHook
 .text.pbuf_free_ooseq_callback
                0x00006318       0x28 D:\ClearCore-Motion-Stack\ProjectTemplate\EtherCATSlaveFirmware\..\LwIP\Release\libLwIP.a(pbuf.o)
 .text.pbuf_alloc
                0x00006340      0x194 D:\ClearCore-Motion-Stack\ProjectTemplate\EtherCATSlaveFirmware\..\LwIP\Release\libLwIP.a(pbuf.o)
                0x00006340                pbuf_alloc
 .text.pbuf_alloced_custom
                0x000064d4       0x3c D:\ClearCore-Motion-Stack\ProjectTemplate\EtherCATSlaveFirmware\..\LwIP\Release\libLwIP.a(pbuf.o)
                0x000064d4                pbuf_alloced_custom
 .text.pbuf_realloc
                0x00006510       0xb0 D:\ClearCore-Motion-Stack\ProjectTemplate\EtherCATSlaveFirmware\..\LwIP\Release\libLwIP.a(pbuf.o)
                0x00006510                pbuf_realloc
 .text.pbuf_add_header
                0x000065c0       0x48 D:\ClearCore-Motion-Stack\ProjectTemplate\EtherCATSlaveFirmware\..\LwIP\Release\libLwIP.a(pbuf.o)
                0x000065c0                pbuf_add_header
 .text.pbuf_remove_header
                0x00006608       0x34 D:\ClearCore-Motion-Stack\ProjectTemplate\EtherCATSlaveFirmware\..\LwIP\Release\libLwIP.a(pbuf.o)
                0x00006608                pbuf_remove_header
 .text.pbuf_header_force
                0x0000663c       0x68 D:\ClearCore-Motion-Stack\ProjectTemplate\EtherCATSlaveFirmware\..\LwIP\Release\libLwIP.a(pbuf.o)
                0x0000663c                pbuf_header_force
 .text.pbuf_free
                0x000066a4       0x6c D:\ClearCore-Motion-Stack\ProjectTemplate\EtherCATSlaveFirmware\..\LwIP\Release\libLwIP.a(pbuf.o)
                0x000066a4                pbuf_free
 .text.pbuf_clen
                0x00006710       0x18 D:\ClearCore-Motion-Stack\ProjectTemplate\EtherCATSlaveFirmware\..\LwIP\Release\libLwIP.a(pbuf.o)
                0x00006710                pbuf_clen
 .text.pbuf_ref
                0x00006728        0xc D:\ClearCore-Motion-Stack\ProjectTemplate\EtherCATSlaveFirmware\..\LwIP\Release\libLwIP.a(pbuf.o)
                0x00006728                pbuf_ref
 .text.pbuf_cat
                0x00006734       0x30 D:\ClearCore-Motion-Stack\ProjectTemplate\EtherCATSlaveFirmware\..\LwIP\Release\libLwIP.a(pbuf.o)
                0x00006734                pbuf_cat
 .text.pbuf_chain
                0x00006764       0x44 D:\ClearCore-Motion-Stack\ProjectTemplate\EtherCATSlaveFirmware\..\LwIP\Release\libLwIP.a(pbuf.o)
                0x00006764                pbuf_chain
 .text.pbuf_copy
                0x000067a8       0xa8 D:\ClearCore-Motion-Stack\ProjectTemplate\EtherCATSlaveFirmware\..\LwIP\Release\libLwIP.a(pbuf.o)
                0x000067a8                pbuf_copy
 .text.pbuf_copy_partial
                0x00006850       0x70 D:\ClearCore-Motion-Stack\ProjectTemplate\EtherCATSlaveFirmware\..\LwIP\Release\libLwIP.a(pbuf.o)
                0x00006850                pbuf_copy_partial
 .text.pbuf_take
                0x000068c0       0x50 D:\ClearCore-Motion-Stack\ProjectTemplate\EtherCATSlaveFirmware\..\LwIP\Release\libLwIP.a(pbuf.o)
                0x000068c0                pbuf_take
 .text.pbuf_take_at
                0x00006910       0xa4 D:\ClearCore-Motion-Stack\ProjectTemplate\EtherCATSlaveFirmware\..\LwIP\Release\libLwIP.a(pbuf.o)
                0x00006910                pbuf_take_at
 .text.pbuf_clone
                0x000069b4      0x1c0 D:\ClearCore-Motion-Stack\ProjectTemplate\EtherCATSlaveFirmware\..\LwIP\Release\libLwIP.a(pbuf.o)
                0x000069b4                pbuf_clone
 .text.pbuf_put_at
                0x00006b74       0x24 D:\ClearCore-Motion-Stack\ProjectTemplate\EtherCATSlaveFirmware\..\LwIP\Release\libLwIP.a(pbuf.o)
                0x00006b74                pbuf_put_at
 .text.tcp_pcb_purge.part.1
                0x00006b98       0x80 D:\ClearCore-Motion-Stack\ProjectTemplate\EtherCATSlaveFirmware\..\LwIP\Release\libLwIP.a(tcp.o)
 .text.tcp_close_shutdown
                0x00006c18      0x21c D:\ClearCore-Motion-Stack\ProjectTemplate\EtherCATSlaveFirmware\..\LwIP\Release\libLwIP.a(tcp.o)
 .text.tcp_recv_null
                0x00006e34       0x98 D:\ClearCore-Motion-Stack\ProjectTemplate\EtherCATSlaveFirmware\..\LwIP\Release\libLwIP.a(tcp.o)
                0x00006e34                tcp_recv_null
 .text.tcp_init
                0x00006ecc       0x18 D:\ClearCore-Motion-Stack\ProjectTemplate\EtherCATSlaveFirmware\..\LwIP\Release\libLwIP.a(tcp.o)
                0x00006ecc                tcp_init
 .text.tcp_free
                0x00006ee4        0x8 D:\ClearCore-Motion-Stack\ProjectTemplate\EtherCATSlaveFirmware\..\LwIP\Release\libLwIP.a(tcp.o)
                0x00006ee4                tcp_free
 .text.tcp_abandon
                0x00006eec      0x1bc D:\ClearCore-Motion-Stack\ProjectTemplate\EtherCATSlaveFirmware\..\LwIP\Release\libLwIP.a(tcp.o)
                0x00006eec                tcp_abandon
 .text.tcp_abort
                0x000070a8        0x8 D:\ClearCore-Motion-Stack\ProjectTemplate\EtherCATSlaveFirmware\..\LwIP\Release\libLwIP.a(tcp.o)
                0x000070a8                tcp_abort
 .text.tcp_update_rcv_ann_wnd
                0x000070b0       0x44 D:\ClearCore-Motion-Stack\ProjectTemplate\EtherCATSlaveFirmware\..\LwIP\Release\libLwIP.a(tcp.o)
                0x000070b0                tcp_update_rcv_ann_wnd
 .text.tcp_slowtmr
                0x000070f4      0x408 D:\ClearCore-Motion-Stack\ProjectTemplate\EtherCATSlaveFirmware\..\LwIP\Release\libLwIP.a(tcp.o)
                0x000070f4                tcp_slowtmr
 .text.tcp_fasttmr
                0x000074fc      0x184 D:\ClearCore-Motion-Stack\ProjectTemplate\EtherCATSlaveFirmware\..\LwIP\Release\libLwIP.a(tcp.o)
                0x000074fc                tcp_fasttmr
 .text.tcp_tmr  0x00007680       0x24 D:\ClearCore-Motion-Stack\ProjectTemplate\EtherCATSlaveFirmware\..\LwIP\Release\libLwIP.a(tcp.o)
                0x00007680                tcp_tmr
 .text.tcp_process_refused_data
                0x000076a4       0xcc D:\ClearCore-Motion-Stack\ProjectTemplate\EtherCATSlaveFirmware\..\LwIP\Release\libLwIP.a(tcp.o)
                0x000076a4                tcp_process_refused_data
 .text.tcp_segs_free
                0x00007770       0x24 D:\ClearCore-Motion-Stack\ProjectTemplate\EtherCATSlaveFirmware\..\LwIP\Release\libLwIP.a(tcp.o)
                0x00007770                tcp_segs_free
 .text.tcp_seg_free
                0x00007794       0x1c D:\ClearCore-Motion-Stack\ProjectTemplate\EtherCATSlaveFirmware\..\LwIP\Release\libLwIP.a(tcp.o)
                0x00007794                tcp_seg_free
 .text.tcp_seg_copy
                0x000077b0       0x28 D:\ClearCore-Motion-Stack\ProjectTemplate\EtherCATSlaveFirmware\..\LwIP\Release\libLwIP.a(tcp.o)
                0x000077b0                tcp_seg_copy
 .text.tcp_alloc
                0x000077d8      0x1e8 D:\ClearCore-Motion-Stack\ProjectTemplate\EtherCATSlaveFirmware\..\LwIP\Release\libLwIP.a(tcp.o)
                0x000077d8                tcp_alloc
 .text.tcp_pcb_purge
                0x000079c0       0x14 D:\ClearCore-Motion-Stack\ProjectTemplate\EtherCATSlaveFirmware\..\LwIP\Release\libLwIP.a(tcp.o)
                0x000079c0                tcp_pcb_purge
 .text.tcp_pcb_remove
                0x000079d4       0x70 D:\ClearCore-Motion-Stack\ProjectTemplate\EtherCATSlaveFirmware\..\LwIP\Release\libLwIP.a(tcp.o)
                0x000079d4                tcp_pcb_remove
 .text.tcp_next_iss
                0x00007a44       0x18 D:\ClearCore-Motion-Stack\ProjectTemplate\EtherCATSlaveFirmware\..\LwIP\Release\libLwIP.a(tcp.o)
                0x00007a44                tcp_next_iss
 .text.tcp_eff_send_mss_netif
                0x00007a5c       0x1c D:\ClearCore-Motion-Stack\ProjectTemplate\EtherCATSlaveFirmware\..\LwIP\Release\libLwIP.a(tcp.o)
                0x00007a5c                tcp_eff_send_mss_netif
 .text.tcp_netif_ip_addr_changed
                0x00007a78       0xa0 D:\ClearCore-Motion-Stack\ProjectTemplate\EtherCATSlaveFirmware\..\LwIP\Release\libLwIP.a(tcp.o)
                0x00007a78                tcp_netif_ip_addr_changed
 .text.tcp_free_ooseq
                0x00007b18       0x28 D:\ClearCore-Motion-Stack\ProjectTemplate\EtherCATSlaveFirmware\..\LwIP\Release\libLwIP.a(tcp.o)
                0x00007b18                tcp_free_ooseq
 .text.tcp_oos_insert_segment
                0x00007b40       0xb4 D:\ClearCore-Motion-Stack\ProjectTemplate\EtherCATSlaveFirmware\..\LwIP\Release\libLwIP.a(tcp_in.o)
 .text.tcp_parseopt.isra.0
                0x00007bf4      0x140 D:\ClearCore-Motion-Stack\ProjectTemplate\EtherCATSlaveFirmware\..\LwIP\Release\libLwIP.a(tcp_in.o)
 .text.unlikely.tcp_input_delayed_close.part.1
                0x00007d34       0x30 D:\ClearCore-Motion-Stack\ProjectTemplate\EtherCATSlaveFirmware\..\LwIP\Release\libLwIP.a(tcp_in.o)
 .text.tcp_receive
                0x00007d64      0x818 D:\ClearCore-Motion-Stack\ProjectTemplate\EtherCATSlaveFirmware\..\LwIP\Release\libLwIP.a(tcp_in.o)
 .text.tcp_input
                0x0000857c      0xa1c D:\ClearCore-Motion-Stack\ProjectTemplate\EtherCATSlaveFirmware\..\LwIP\Release\libLwIP.a(tcp_in.o)
                0x0000857c                tcp_input
 .text.tcp_trigger_input_pcb_close
                0x00008f98       0x14 D:\ClearCore-Motion-Stack\ProjectTemplate\EtherCATSlaveFirmware\..\LwIP\Release\libLwIP.a(tcp_in.o)
                0x00008f98                tcp_trigger_input_pcb_close
 .text.tcp_create_segment.isra.2
                0x00008fac       0xb4 D:\ClearCore-Motion-Stack\ProjectTemplate\EtherCATSlaveFirmware\..\LwIP\Release\libLwIP.a(tcp_out.o)
 .text.tcp_split_unsent_seg
                0x00009060      0x134 D:\ClearCore-Motion-Stack\ProjectTemplate\EtherCATSlaveFirmware\..\LwIP\Release\libLwIP.a(tcp_out.o)
                0x00009060                tcp_split_unsent_seg
 .text.tcp_send_fin
                0x00009194       0xb4 D:\ClearCore-Motion-Stack\ProjectTemplate\EtherCATSlaveFirmware\..\LwIP\Release\libLwIP.a(tcp_out.o)
                0x00009194                tcp_send_fin
 .text.tcp_enqueue_flags
                0x00009248       0x94 D:\ClearCore-Motion-Stack\ProjectTemplate\EtherCATSlaveFirmware\..\LwIP\Release\libLwIP.a(tcp_out.o)
                0x00009248                tcp_enqueue_flags
 .text.tcp_rexmit_rto_prepare
                0x000092dc       0x60 D:\ClearCore-Motion-Stack\ProjectTemplate\EtherCATSlaveFirmware\..\LwIP\Release\libLwIP.a(tcp_out.o)
                0x000092dc                tcp_rexmit_rto_prepare
 .text.tcp_rexmit
                0x0000933c       0x6c D:\ClearCore-Motion-Stack\ProjectTemplate\EtherCATSlaveFirmware\..\LwIP\Release\libLwIP.a(tcp_out.o)
                0x0000933c                tcp_rexmit
 .text.tcp_rexmit_fast
                0x000093a8       0xa8 D:\ClearCore-Motion-Stack\ProjectTemplate\EtherCATSlaveFirmware\..\LwIP\Release\libLwIP.a(tcp_out.o)
                0x000093a8                tcp_rexmit_fast
 .text.tcp_rst  0x00009450       0xec D:\ClearCore-Motion-Stack\ProjectTemplate\EtherCATSlaveFirmware\..\LwIP\Release\libLwIP.a(tcp_out.o)
                0x00009450                tcp_rst
 .text.tcp_send_empty_ack
                0x0000953c       0xfc D:\ClearCore-Motion-Stack\ProjectTemplate\EtherCATSlaveFirmware\..\LwIP\Release\libLwIP.a(tcp_out.o)
                0x0000953c                tcp_send_empty_ack
 .text.tcp_output
                0x00009638      0x348 D:\ClearCore-Motion-Stack\ProjectTemplate\EtherCATSlaveFirmware\..\LwIP\Release\libLwIP.a(tcp_out.o)
                0x00009638                tcp_output
 .text.tcp_rexmit_rto_commit
                0x00009980       0x14 D:\ClearCore-Motion-Stack\ProjectTemplate\EtherCATSlaveFirmware\..\LwIP\Release\libLwIP.a(tcp_out.o)
                0x00009980                tcp_rexmit_rto_commit
 .text.tcp_rexmit_rto
                0x00009994       0x70 D:\ClearCore-Motion-Stack\ProjectTemplate\EtherCATSlaveFirmware\..\LwIP\Release\libLwIP.a(tcp_out.o)
                0x00009994                tcp_rexmit_rto
 .text.tcp_keepalive
                0x00009a04       0xdc D:\ClearCore-Motion-Stack\ProjectTemplate\EtherCATSlaveFirmware\..\LwIP\Release\libLwIP.a(tcp_out.o)
                0x00009a04                tcp_keepalive
 .text.tcp_zero_window_probe
                0x00009ae0      0x17c D:\ClearCore-Motion-Stack\ProjectTemplate\EtherCATSlaveFirmware\..\LwIP\Release\libLwIP.a(tcp_out.o)
                0x00009ae0                tcp_zero_window_probe
 .text.tcpip_tcp_timer
                0x00009c5c       0x74 D:\ClearCore-Motion-Stack\ProjectTemplate\EtherCATSlaveFirmware\..\LwIP\Release\libLwIP.a(timeouts.o)
 .text.lwip_cyclic_timer
                0x00009cd0       0xa0 D:\ClearCore-Motion-Stack\ProjectTemplate\EtherCATSlaveFirmware\..\LwIP\Release\libLwIP.a(timeouts.o)
 .text.tcp_timer_needed
                0x00009d70       0x74 D:\ClearCore-Motion-Stack\ProjectTemplate\EtherCATSlaveFirmware\..\LwIP\Release\libLwIP.a(timeouts.o)
                0x00009d70                tcp_timer_needed
 .text.sys_timeouts_init
                0x00009de4       0x6c D:\ClearCore-Motion-Stack\ProjectTemplate\EtherCATSlaveFirmware\..\LwIP\Release\libLwIP.a(timeouts.o)
                0x00009de4                sys_timeouts_init
 .text.sys_check_timeouts
                0x00009e50       0x3c D:\ClearCore-Motion-Stack\ProjectTemplate\EtherCATSlaveFirmware\..\LwIP\Release\libLwIP.a(timeouts.o)
                0x00009e50                sys_check_timeouts
 .text.ethernet_input
                0x00009e8c       0xb0 D:\ClearCore-Motion-Stack\ProjectTemplate\EtherCATSlaveFirmware\..\LwIP\Release\libLwIP.a(ethernet.o)
                0x00009e8c                ethernet_input
 .text.ethernet_output
                0x00009f3c       0x4c D:\ClearCore-Motion-Stack\ProjectTemplate\EtherCATSlaveFirmware\..\LwIP\Release\libLwIP.a(ethernet.o)
                0x00009f3c                ethernet_output
 .text.tcpip_try_callback
                0x00009f88       0x3c D:\ClearCore-Motion-Stack\ProjectTemplate\EtherCATSlaveFirmware\..\LwIP\Release\libLwIP.a(tcpip.o)
                0x00009f88                tcpip_try_callback
 .text.lwip_htons
                0x00009fc4        0x8 D:\ClearCore-Motion-Stack\ProjectTemplate\EtherCATSlaveFirmware\..\LwIP\Release\libLwIP.a(def.o)
                0x00009fc4                lwip_htons
 .text.lwip_htonl
                0x00009fcc        0x4 D:\ClearCore-Motion-Stack\ProjectTemplate\EtherCATSlaveFirmware\..\LwIP\Release\libLwIP.a(def.o)
                0x00009fcc                lwip_htonl
 .text.dns_send
                0x00009fd0      0x2b4 D:\ClearCore-Motion-Stack\ProjectTemplate\EtherCATSlaveFirmware\..\LwIP\Release\libLwIP.a(dns.o)
 .text.dns_check_entry
                0x0000a284      0x220 D:\ClearCore-Motion-Stack\ProjectTemplate\EtherCATSlaveFirmware\..\LwIP\Release\libLwIP.a(dns.o)
 .text.dns_init
                0x0000a4a4        0x4 D:\ClearCore-Motion-Stack\ProjectTemplate\EtherCATSlaveFirmware\..\LwIP\Release\libLwIP.a(dns.o)
                0x0000a4a4                dns_init
 .text.dns_setserver
                0x0000a4a8       0x2c D:\ClearCore-Motion-Stack\ProjectTemplate\EtherCATSlaveFirmware\..\LwIP\Release\libLwIP.a(dns.o)
                0x0000a4a8                dns_setserver
 .text.dns_tmr  0x0000a4d4       0x20 D:\ClearCore-Motion-Stack\ProjectTemplate\EtherCATSlaveFirmware\..\LwIP\Release\libLwIP.a(dns.o)
                0x0000a4d4                dns_tmr
 .text.inet_chksum_pseudo
                0x0000a4f4      0x134 D:\ClearCore-Motion-Stack\ProjectTemplate\EtherCATSlaveFirmware\..\LwIP\Release\libLwIP.a(inet_chksum.o)
                0x0000a4f4                inet_chksum_pseudo
 .text.ip_chksum_pseudo
                0x0000a628        0x4 D:\ClearCore-Motion-Stack\ProjectTemplate\EtherCATSlaveFirmware\..\LwIP\Release\libLwIP.a(inet_chksum.o)
                0x0000a628                ip_chksum_pseudo
 .text.inet_chksum
                0x0000a62c       0x90 D:\ClearCore-Motion-Stack\ProjectTemplate\EtherCATSlaveFirmware\..\LwIP\Release\libLwIP.a(inet_chksum.o)
                0x0000a62c                inet_chksum
 .text.inet_chksum_pbuf
                0x0000a6bc       0xe4 D:\ClearCore-Motion-Stack\ProjectTemplate\EtherCATSlaveFirmware\..\LwIP\Release\libLwIP.a(inet_chksum.o)
                0x0000a6bc                inet_chksum_pbuf
 .text.lwip_init
                0x0000a7a0       0x28 D:\ClearCore-Motion-Stack\ProjectTemplate\EtherCATSlaveFirmware\..\LwIP\Release\libLwIP.a(init.o)
                0x0000a7a0                lwip_init
 .text.autoip_start
                0x0000a7c8       0xdc D:\ClearCore-Motion-Stack\ProjectTemplate\EtherCATSlaveFirmware\..\LwIP\Release\libLwIP.a(autoip.o)
                0x0000a7c8                autoip_start
 .text.autoip_network_changed
                0x0000a8a4       0x58 D:\ClearCore-Motion-Stack\ProjectTemplate\EtherCATSlaveFirmware\..\LwIP\Release\libLwIP.a(autoip.o)
                0x0000a8a4                autoip_network_changed
 .text.autoip_tmr
                0x0000a8fc      0x100 D:\ClearCore-Motion-Stack\ProjectTemplate\EtherCATSlaveFirmware\..\LwIP\Release\libLwIP.a(autoip.o)
                0x0000a8fc                autoip_tmr
 .text.autoip_arp_reply
                0x0000a9fc       0x80 D:\ClearCore-Motion-Stack\ProjectTemplate\EtherCATSlaveFirmware\..\LwIP\Release\libLwIP.a(autoip.o)
                0x0000a9fc                autoip_arp_reply
 .text.autoip_accept_packet
                0x0000aa7c       0x14 D:\ClearCore-Motion-Stack\ProjectTemplate\EtherCATSlaveFirmware\..\LwIP\Release\libLwIP.a(autoip.o)
                0x0000aa7c                autoip_accept_packet
 .text.dhcp_create_msg
                0x0000aa90      0x13c D:\ClearCore-Motion-Stack\ProjectTemplate\EtherCATSlaveFirmware\..\LwIP\Release\libLwIP.a(dhcp.o)
 .text.dhcp_bind
                0x0000abcc      0x114 D:\ClearCore-Motion-Stack\ProjectTemplate\EtherCATSlaveFirmware\..\LwIP\Release\libLwIP.a(dhcp.o)
 .text.unlikely.dhcp_handle_ack.isra.2
                0x0000ace0       0xa0 D:\ClearCore-Motion-Stack\ProjectTemplate\EtherCATSlaveFirmware\..\LwIP\Release\libLwIP.a(dhcp.o)
 .text.dhcp_reboot
                0x0000ad80      0x1ac D:\ClearCore-Motion-Stack\ProjectTemplate\EtherCATSlaveFirmware\..\LwIP\Release\libLwIP.a(dhcp.o)
 .text.dhcp_select
                0x0000af2c      0x210 D:\ClearCore-Motion-Stack\ProjectTemplate\EtherCATSlaveFirmware\..\LwIP\Release\libLwIP.a(dhcp.o)
 .text.dhcp_discover
                0x0000b13c      0x1a4 D:\ClearCore-Motion-Stack\ProjectTemplate\EtherCATSlaveFirmware\..\LwIP\Release\libLwIP.a(dhcp.o)
 .text.dhcp_recv
                0x0000b2e0      0x5f8 D:\ClearCore-Motion-Stack\ProjectTemplate\EtherCATSlaveFirmware\..\LwIP\Release\libLwIP.a(dhcp.o)
 .text.dhcp_network_changed
                0x0000b8d8       0x2c D:\ClearCore-Motion-Stack\ProjectTemplate\EtherCATSlaveFirmware\..\LwIP\Release\libLwIP.a(dhcp.o)
                0x0000b8d8                dhcp_network_changed
 .text.dhcp_arp_reply
                0x0000b904      0x178 D:\ClearCore-Motion-Stack\ProjectTemplate\EtherCATSlaveFirmware\..\LwIP\Release\libLwIP.a(dhcp.o)
                0x0000b904                dhcp_arp_reply
 .text.dhcp_renew
                0x0000ba7c      0x140 D:\ClearCore-Motion-Stack\ProjectTemplate\EtherCATSlaveFirmware\..\LwIP\Release\libLwIP.a(dhcp.o)
                0x0000ba7c                dhcp_renew
 .text.dhcp_release_and_stop
                0x0000bbbc      0x1ac D:\ClearCore-Motion-Stack\ProjectTemplate\EtherCATSlaveFirmware\..\LwIP\Release\libLwIP.a(dhcp.o)
                0x0000bbbc                dhcp_release_and_stop
 .text.dhcp_start
                0x0000bd68       0xf4 D:\ClearCore-Motion-Stack\ProjectTemplate\EtherCATSlaveFirmware\..\LwIP\Release\libLwIP.a(dhcp.o)
                0x0000bd68                dhcp_start
 .text.dhcp_coarse_tmr
                0x0000be5c      0x1d4 D:\ClearCore-Motion-Stack\ProjectTemplate\EtherCATSlaveFirmware\..\LwIP\Release\libLwIP.a(dhcp.o)
                0x0000be5c                dhcp_coarse_tmr
 .text.dhcp_fine_tmr
                0x0000c030       0xa0 D:\ClearCore-Motion-Stack\ProjectTemplate\EtherCATSlaveFirmware\..\LwIP\Release\libLwIP.a(dhcp.o)
                0x0000c030                dhcp_fine_tmr
 .text.etharp_find_entry
                0x0000c0d0     0x1038 D:\ClearCore-Motion-Stack\ProjectTemplate\EtherCATSlaveFirmware\..\LwIP\Release\libLwIP.a(etharp.o)
 .text.etharp_tmr
                0x0000d108      0x104 D:\ClearCore-Motion-Stack\ProjectTemplate\EtherCATSlaveFirmware\..\LwIP\Release\libLwIP.a(etharp.o)
                0x0000d108                etharp_tmr
 .text.etharp_input
                0x0000d20c      0x19c D:\ClearCore-Motion-Stack\ProjectTemplate\EtherCATSlaveFirmware\..\LwIP\Release\libLwIP.a(etharp.o)
                0x0000d20c                etharp_input
 .text.etharp_query
                0x0000d3a8      0x1a8 D:\ClearCore-Motion-Stack\ProjectTemplate\EtherCATSlaveFirmware\..\LwIP\Release\libLwIP.a(etharp.o)
                0x0000d3a8                etharp_query
 .text.etharp_output
                0x0000d550      0x548 D:\ClearCore-Motion-Stack\ProjectTemplate\EtherCATSlaveFirmware\..\LwIP\Release\libLwIP.a(etharp.o)
                0x0000d550                etharp_output
 .text.etharp_request
                0x0000da98       0x8c D:\ClearCore-Motion-Stack\ProjectTemplate\EtherCATSlaveFirmware\..\LwIP\Release\libLwIP.a(etharp.o)
                0x0000da98                etharp_request
 .text.ip4_route
                0x0000db24       0x84 D:\ClearCore-Motion-Stack\ProjectTemplate\EtherCATSlaveFirmware\..\LwIP\Release\libLwIP.a(ip4.o)
                0x0000db24                ip4_route
 .text.ip4_input
                0x0000dba8      0x23c D:\ClearCore-Motion-Stack\ProjectTemplate\EtherCATSlaveFirmware\..\LwIP\Release\libLwIP.a(ip4.o)
                0x0000dba8                ip4_input
 .text.ip4_output_if
                0x0000dde4      0x10c D:\ClearCore-Motion-Stack\ProjectTemplate\EtherCATSlaveFirmware\..\LwIP\Release\libLwIP.a(ip4.o)
                0x0000dde4                ip4_output_if
 .text.ip4_output_if_src
                0x0000def0       0xfc D:\ClearCore-Motion-Stack\ProjectTemplate\EtherCATSlaveFirmware\..\LwIP\Release\libLwIP.a(ip4.o)
                0x0000def0                ip4_output_if_src
 .text.ip4_addr_isbroadcast_u32
                0x0000dfec       0x34 D:\ClearCore-Motion-Stack\ProjectTemplate\EtherCATSlaveFirmware\..\LwIP\Release\libLwIP.a(ip4_addr.o)
                0x0000dfec                ip4_addr_isbroadcast_u32
 .text.ipfrag_free_pbuf_custom
                0x0000e020       0x18 D:\ClearCore-Motion-Stack\ProjectTemplate\EtherCATSlaveFirmware\..\LwIP\Release\libLwIP.a(ip4_frag.o)
 .text.ip_reass_remove_oldest_datagram
                0x0000e038      0x11c D:\ClearCore-Motion-Stack\ProjectTemplate\EtherCATSlaveFirmware\..\LwIP\Release\libLwIP.a(ip4_frag.o)
 .text.ip_reass_tmr
                0x0000e154       0xcc D:\ClearCore-Motion-Stack\ProjectTemplate\EtherCATSlaveFirmware\..\LwIP\Release\libLwIP.a(ip4_frag.o)
                0x0000e154                ip_reass_tmr
 .text.ip4_reass
                0x0000e220      0x39c D:\ClearCore-Motion-Stack\ProjectTemplate\EtherCATSlaveFirmware\..\LwIP\Release\libLwIP.a(ip4_frag.o)
                0x0000e220                ip4_reass
 .text.ip4_frag
                0x0000e5bc      0x1b8 D:\ClearCore-Motion-Stack\ProjectTemplate\EtherCATSlaveFirmware\..\LwIP\Release\libLwIP.a(ip4_frag.o)
                0x0000e5bc                ip4_frag
 .text.mem_init
                0x0000e774       0x3c D:\ClearCore-Motion-Stack\ProjectTemplate\EtherCATSlaveFirmware\..\LwIP\Release\libLwIP.a(mem.o)
                0x0000e774                mem_init
 .text.mem_free
                0x0000e7b0       0xf4 D:\ClearCore-Motion-Stack\ProjectTemplate\EtherCATSlaveFirmware\..\LwIP\Release\libLwIP.a(mem.o)
                0x0000e7b0                mem_free
 .text.mem_trim
                0x0000e8a4       0xe4 D:\ClearCore-Motion-Stack\ProjectTemplate\EtherCATSlaveFirmware\..\LwIP\Release\libLwIP.a(mem.o)
                0x0000e8a4                mem_trim
 .text.mem_malloc
                0x0000e988       0xf4 D:\ClearCore-Motion-Stack\ProjectTemplate\EtherCATSlaveFirmware\..\LwIP\Release\libLwIP.a(mem.o)
                0x0000e988                mem_malloc
 .text.mem_calloc
                0x0000ea7c       0x28 D:\ClearCore-Motion-Stack\ProjectTemplate\EtherCATSlaveFirmware\..\LwIP\Release\libLwIP.a(mem.o)
                0x0000ea7c                mem_calloc
 .text.memp_init
                0x0000eaa4       0x5c D:\ClearCore-Motion-Stack\ProjectTemplate\EtherCATSlaveFirmware\..\LwIP\Release\libLwIP.a(memp.o)
                0x0000eaa4                memp_init
 .text.memp_malloc
                0x0000eb00       0x20 D:\ClearCore-Motion-Stack\ProjectTemplate\EtherCATSlaveFirmware\..\LwIP\Release\libLwIP.a(memp.o)
                0x0000eb00                memp_malloc
 .text.memp_free
                0x0000eb20       0x1c D:\ClearCore-Motion-Stack\ProjectTemplate\EtherCATSlaveFirmware\..\LwIP\Release\libLwIP.a(memp.o)
                0x0000eb20                memp_free
 .text.netif_null_output_ip4
                0x0000eb3c        0x8 D:\ClearCore-Motion-Stack\ProjectTemplate\EtherCATSlaveFirmware\..\LwIP\Release\libLwIP.a(netif.o)
 .text.netif_init
                0x0000eb44        0x4 D:\ClearCore-Motion-Stack\ProjectTemplate\EtherCATSlaveFirmware\..\LwIP\Release\libLwIP.a(netif.o)
                0x0000eb44                netif_init
 .text.netif_add
                0x0000eb48      0x140 D:\ClearCore-Motion-Stack\ProjectTemplate\EtherCATSlaveFirmware\..\LwIP\Release\libLwIP.a(netif.o)
                0x0000eb48                netif_add
 .text.netif_set_addr
                0x0000ec88       0xfc D:\ClearCore-Motion-Stack\ProjectTemplate\EtherCATSlaveFirmware\..\LwIP\Release\libLwIP.a(netif.o)
                0x0000ec88                netif_set_addr
 .text.netif_set_default
                0x0000ed84        0xc D:\ClearCore-Motion-Stack\ProjectTemplate\EtherCATSlaveFirmware\..\LwIP\Release\libLwIP.a(netif.o)
                0x0000ed84                netif_set_default
 .text.netif_set_up
                0x0000ed90       0x44 D:\ClearCore-Motion-Stack\ProjectTemplate\EtherCATSlaveFirmware\..\LwIP\Release\libLwIP.a(netif.o)
                0x0000ed90                netif_set_up
 .text.netif_set_link_up
                0x0000edd4       0x48 D:\ClearCore-Motion-Stack\ProjectTemplate\EtherCATSlaveFirmware\..\LwIP\Release\libLwIP.a(netif.o)
                0x0000edd4                netif_set_link_up
 .text.netif_get_by_index
                0x0000ee1c       0x28 D:\ClearCore-Motion-Stack\ProjectTemplate\EtherCATSlaveFirmware\..\LwIP\Release\libLwIP.a(netif.o)
                0x0000ee1c                netif_get_by_index
 .text.raw_input
                0x0000ee44      0x11c D:\ClearCore-Motion-Stack\ProjectTemplate\EtherCATSlaveFirmware\..\LwIP\Release\libLwIP.a(raw.o)
                0x0000ee44                raw_input
 .text.raw_netif_ip_addr_changed
                0x0000ef60       0x34 D:\ClearCore-Motion-Stack\ProjectTemplate\EtherCATSlaveFirmware\..\LwIP\Release\libLwIP.a(raw.o)
                0x0000ef60                raw_netif_ip_addr_changed
 .text.udp_init
                0x0000ef94       0x18 D:\ClearCore-Motion-Stack\ProjectTemplate\EtherCATSlaveFirmware\..\LwIP\Release\libLwIP.a(udp.o)
                0x0000ef94                udp_init
 .text.udp_input
                0x0000efac      0x198 D:\ClearCore-Motion-Stack\ProjectTemplate\EtherCATSlaveFirmware\..\LwIP\Release\libLwIP.a(udp.o)
                0x0000efac                udp_input
 .text.udp_bind
                0x0000f144      0x10c D:\ClearCore-Motion-Stack\ProjectTemplate\EtherCATSlaveFirmware\..\LwIP\Release\libLwIP.a(udp.o)
                0x0000f144                udp_bind
 .text.udp_sendto_if_src
                0x0000f250      0x13c D:\ClearCore-Motion-Stack\ProjectTemplate\EtherCATSlaveFirmware\..\LwIP\Release\libLwIP.a(udp.o)
                0x0000f250                udp_sendto_if_src
 .text.udp_sendto_if
                0x0000f38c      0x160 D:\ClearCore-Motion-Stack\ProjectTemplate\EtherCATSlaveFirmware\..\LwIP\Release\libLwIP.a(udp.o)
                0x0000f38c                udp_sendto_if
 .text.udp_sendto
                0x0000f4ec      0x1bc D:\ClearCore-Motion-Stack\ProjectTemplate\EtherCATSlaveFirmware\..\LwIP\Release\libLwIP.a(udp.o)
                0x0000f4ec                udp_sendto
 .text.udp_connect
                0x0000f6a8       0x58 D:\ClearCore-Motion-Stack\ProjectTemplate\EtherCATSlaveFirmware\..\LwIP\Release\libLwIP.a(udp.o)
                0x0000f6a8                udp_connect
 .text.udp_recv
                0x0000f700        0x8 D:\ClearCore-Motion-Stack\ProjectTemplate\EtherCATSlaveFirmware\..\LwIP\Release\libLwIP.a(udp.o)
                0x0000f700                udp_recv
 .text.udp_remove
                0x0000f708       0x4c D:\ClearCore-Motion-Stack\ProjectTemplate\EtherCATSlaveFirmware\..\LwIP\Release\libLwIP.a(udp.o)
                0x0000f708                udp_remove
 .text.udp_new  0x0000f754       0x20 D:\ClearCore-Motion-Stack\ProjectTemplate\EtherCATSlaveFirmware\..\LwIP\Release\libLwIP.a(udp.o)
                0x0000f754                udp_new
 .text.udp_netif_ip_addr_changed
                0x0000f774       0x34 D:\ClearCore-Motion-Stack\ProjectTemplate\EtherCATSlaveFirmware\..\LwIP\Release\libLwIP.a(udp.o)
                0x0000f774                udp_netif_ip_addr_changed
 .text.sys_init
                0x0000f7a8        0x4 D:\ClearCore-Motion-Stack\ProjectTemplate\EtherCATSlaveFirmware\..\LwIP\Release\libLwIP.a(sys_arch.o)
                0x0000f7a8                sys_init
 .text.sys_sem_new
                0x0000f7ac        0x8 D:\ClearCore-Motion-Stack\ProjectTemplate\EtherCATSlaveFirmware\..\LwIP\Release\libLwIP.a(sys_arch.o)
                0x0000f7ac                sys_sem_new
 .text.sys_sem_signal
                0x0000f7b4        0x8 D:\ClearCore-Motion-Stack\ProjectTemplate\EtherCATSlaveFirmware\..\LwIP\Release\libLwIP.a(sys_arch.o)
                0x0000f7b4                sys_sem_signal
 .text.sys_arch_sem_wait
                0x0000f7bc       0x14 D:\ClearCore-Motion-Stack\ProjectTemplate\EtherCATSlaveFirmware\..\LwIP\Release\libLwIP.a(sys_arch.o)
                0x0000f7bc                sys_arch_sem_wait
 .text.sys_mbox_trypost
                0x0000f7d0       0x34 D:\ClearCore-Motion-Stack\ProjectTemplate\EtherCATSlaveFirmware\..\LwIP\Release\libLwIP.a(sys_arch.o)
                0x0000f7d0                sys_mbox_trypost
 .text.icmp_input
                0x0000f804      0x134 D:\ClearCore-Motion-Stack\ProjectTemplate\EtherCATSlaveFirmware\..\LwIP\Release\libLwIP.a(icmp.o)
                0x0000f804                icmp_input
 .text.icmp_dest_unreach
                0x0000f938       0x8c D:\ClearCore-Motion-Stack\ProjectTemplate\EtherCATSlaveFirmware\..\LwIP\Release\libLwIP.a(icmp.o)
                0x0000f938                icmp_dest_unreach
 .text.icmp_time_exceeded
                0x0000f9c4       0x8c D:\ClearCore-Motion-Stack\ProjectTemplate\EtherCATSlaveFirmware\..\LwIP\Release\libLwIP.a(icmp.o)
                0x0000f9c4                icmp_time_exceeded
 .text._ZN9ClearCore10AdcManager8InstanceEv
                0x0000fa50       0x88 D:\ClearCore-Motion-Stack\ProjectTemplate\libClearCore\Release\libClearCore.a(AdcManager.o)
                0x0000fa50                ClearCore::AdcManager::Instance()
 .text._ZN9ClearCore10AdcManager10InitializeEv
                0x0000fad8      0x374 D:\ClearCore-Motion-Stack\ProjectTemplate\libClearCore\Release\libClearCore.a(AdcManager.o)
                0x0000fad8                ClearCore::AdcManager::Initialize()
 .text._ZN9ClearCore10AdcManager6UpdateEv
                0x0000fe4c      0x244 D:\ClearCore-Motion-Stack\ProjectTemplate\libClearCore\Release\libClearCore.a(AdcManager.o)
                0x0000fe4c                ClearCore::AdcManager::Update()
 .text._ZN9ClearCore10AdcManager8FilterTcENS0_11AdcChannelsEtNS0_11FilterUnitsE
                0x00010090       0x9c D:\ClearCore-Motion-Stack\ProjectTemplate\libClearCore\Release\libClearCore.a(AdcManager.o)
                0x00010090                ClearCore::AdcManager::FilterTc(ClearCore::AdcManager::AdcChannels, unsigned short, ClearCore::AdcManager::FilterUnits)
 .text.startup._GLOBAL__sub_I__ZN9ClearCore6AdcMgrE
                0x0001012c       0x4c D:\ClearCore-Motion-Stack\ProjectTemplate\libClearCore\Release\libClearCore.a(AdcManager.o)
 .text._ZN9ClearCore9DigitalIn17ExternalInterruptEv
                0x00010178        0x8 D:\ClearCore-Motion-Stack\ProjectTemplate\libClearCore\Release\libClearCore.a(DigitalInOutAnalogOut.o)
                0x00010178                ClearCore::DigitalIn::ExternalInterrupt()
 .text._ZN9ClearCore12DigitalInOut11IsInHwFaultEv
                0x00010180        0x8 D:\ClearCore-Motion-Stack\ProjectTemplate\libClearCore\Release\libClearCore.a(DigitalInOutAnalogOut.o)
                0x00010180                ClearCore::DigitalInOut::IsInHwFault()
 .text._ZN9ClearCore21DigitalInOutAnalogOut4ModeEv
                0x00010188        0x4 D:\ClearCore-Motion-Stack\ProjectTemplate\libClearCore\Release\libClearCore.a(DigitalInOutAnalogOut.o)
                0x00010188                ClearCore::DigitalInOutAnalogOut::Mode()
 .text._ZN9ClearCore21DigitalInOutAnalogOut4TypeEv
                0x0001018c        0x4 D:\ClearCore-Motion-Stack\ProjectTemplate\libClearCore\Release\libClearCore.a(DigitalInOutAnalogOut.o)
                0x0001018c                ClearCore::DigitalInOutAnalogOut::Type()
 .text._ZN9ClearCore21DigitalInOutAnalogOut10IsWritableEv
                0x00010190       0x14 D:\ClearCore-Motion-Stack\ProjectTemplate\libClearCore\Release\libClearCore.a(DigitalInOutAnalogOut.o)
                0x00010190                ClearCore::DigitalInOutAnalogOut::IsWritable()
 .text._ZN9ClearCore21DigitalInOutAnalogOutC2ENS_13ShiftRegister5MasksEPK15PeripheralRouteS5_S5_b
                0x000101a4       0x34 D:\ClearCore-Motion-Stack\ProjectTemplate\libClearCore\Release\libClearCore.a(DigitalInOutAnalogOut.o)
                0x000101a4                ClearCore::DigitalInOutAnalogOut::DigitalInOutAnalogOut(ClearCore::ShiftRegister::Masks, PeripheralRoute const*, PeripheralRoute const*, PeripheralRoute const*, bool)
                0x000101a4                ClearCore::DigitalInOutAnalogOut::DigitalInOutAnalogOut(ClearCore::ShiftRegister::Masks, PeripheralRoute const*, PeripheralRoute const*, PeripheralRoute const*, bool)
 .text._ZN9ClearCore21DigitalInOutAnalogOut13DacInitializeEv
                0x000101d8      0x100 D:\ClearCore-Motion-Stack\ProjectTemplate\libClearCore\Release\libClearCore.a(DigitalInOutAnalogOut.o)
                0x000101d8                ClearCore::DigitalInOutAnalogOut::DacInitialize()
 .text._ZN9ClearCore21DigitalInOutAnalogOut9DacEnableEv
                0x000102d8       0xc8 D:\ClearCore-Motion-Stack\ProjectTemplate\libClearCore\Release\libClearCore.a(DigitalInOutAnalogOut.o)
                0x000102d8                ClearCore::DigitalInOutAnalogOut::DacEnable()
 .text._ZN9ClearCore21DigitalInOutAnalogOut7RefreshEv
                0x000103a0       0x18 D:\ClearCore-Motion-Stack\ProjectTemplate\libClearCore\Release\libClearCore.a(DigitalInOutAnalogOut.o)
                0x000103a0                ClearCore::DigitalInOutAnalogOut::Refresh()
 .text._ZN9ClearCore21DigitalInOutAnalogOut4ModeENS_9Connector14ConnectorModesE
                0x000103b8       0xf8 D:\ClearCore-Motion-Stack\ProjectTemplate\libClearCore\Release\libClearCore.a(DigitalInOutAnalogOut.o)
                0x000103b8                ClearCore::DigitalInOutAnalogOut::Mode(ClearCore::Connector::ConnectorModes)
 .text._ZN9ClearCore21DigitalInOutAnalogOut5StateEv
                0x000104b0       0x1c D:\ClearCore-Motion-Stack\ProjectTemplate\libClearCore\Release\libClearCore.a(DigitalInOutAnalogOut.o)
                0x000104b0                ClearCore::DigitalInOutAnalogOut::State()
 .text._ZN9ClearCore21DigitalInOutAnalogOut5StateEs
                0x000104cc       0x9c D:\ClearCore-Motion-Stack\ProjectTemplate\libClearCore\Release\libClearCore.a(DigitalInOutAnalogOut.o)
                0x000104cc                ClearCore::DigitalInOutAnalogOut::State(short)
 .text._ZN9ClearCore21DigitalInOutAnalogOut10InitializeE13ClearCorePins
                0x00010568       0xa0 D:\ClearCore-Motion-Stack\ProjectTemplate\libClearCore\Release\libClearCore.a(DigitalInOutAnalogOut.o)
                0x00010568                ClearCore::DigitalInOutAnalogOut::Initialize(ClearCorePins)
 .text._ZN9ClearCore9DigitalIn11IsInHwFaultEv
                0x00010608        0x4 D:\ClearCore-Motion-Stack\ProjectTemplate\libClearCore\Release\libClearCore.a(DigitalInAnalogIn.o)
                0x00010608                ClearCore::DigitalIn::IsInHwFault()
 .text._ZN9ClearCore17DigitalInAnalogIn4ModeEv
                0x0001060c        0x4 D:\ClearCore-Motion-Stack\ProjectTemplate\libClearCore\Release\libClearCore.a(DigitalInAnalogIn.o)
                0x0001060c                ClearCore::DigitalInAnalogIn::Mode()
 .text._ZN9ClearCore17DigitalInAnalogIn4TypeEv
                0x00010610        0x4 D:\ClearCore-Motion-Stack\ProjectTemplate\libClearCore\Release\libClearCore.a(DigitalInAnalogIn.o)
                0x00010610                ClearCore::DigitalInAnalogIn::Type()
 .text._ZN9ClearCore17DigitalInAnalogIn10IsWritableEv
                0x00010614        0x4 D:\ClearCore-Motion-Stack\ProjectTemplate\libClearCore\Release\libClearCore.a(DigitalInAnalogIn.o)
                0x00010614                ClearCore::DigitalInAnalogIn::IsWritable()
 .text._ZN9ClearCore17DigitalInAnalogIn5StateEs
                0x00010618        0x4 D:\ClearCore-Motion-Stack\ProjectTemplate\libClearCore\Release\libClearCore.a(DigitalInAnalogIn.o)
                0x00010618                ClearCore::DigitalInAnalogIn::State(short)
 .text._ZN9ClearCore17DigitalInAnalogIn4ModeENS_9Connector14ConnectorModesE
                0x0001061c       0xfc D:\ClearCore-Motion-Stack\ProjectTemplate\libClearCore\Release\libClearCore.a(DigitalInAnalogIn.o)
                0x0001061c                ClearCore::DigitalInAnalogIn::Mode(ClearCore::Connector::ConnectorModes)
 .text._ZN9ClearCore17DigitalInAnalogInC2ENS_13ShiftRegister5MasksES2_PK15PeripheralRouteNS_10AdcManager11AdcChannelsE
                0x00010718       0x2c D:\ClearCore-Motion-Stack\ProjectTemplate\libClearCore\Release\libClearCore.a(DigitalInAnalogIn.o)
                0x00010718                ClearCore::DigitalInAnalogIn::DigitalInAnalogIn(ClearCore::ShiftRegister::Masks, ClearCore::ShiftRegister::Masks, PeripheralRoute const*, ClearCore::AdcManager::AdcChannels)
                0x00010718                ClearCore::DigitalInAnalogIn::DigitalInAnalogIn(ClearCore::ShiftRegister::Masks, ClearCore::ShiftRegister::Masks, PeripheralRoute const*, ClearCore::AdcManager::AdcChannels)
 .text._ZN9ClearCore17DigitalInAnalogIn7RefreshEv
                0x00010744       0x78 D:\ClearCore-Motion-Stack\ProjectTemplate\libClearCore\Release\libClearCore.a(DigitalInAnalogIn.o)
                0x00010744                ClearCore::DigitalInAnalogIn::Refresh()
 .text._ZN9ClearCore17DigitalInAnalogIn10InitializeE13ClearCorePins
                0x000107bc       0xb4 D:\ClearCore-Motion-Stack\ProjectTemplate\libClearCore\Release\libClearCore.a(DigitalInAnalogIn.o)
                0x000107bc                ClearCore::DigitalInAnalogIn::Initialize(ClearCorePins)
 .text._ZN9ClearCore17DigitalInAnalogIn5StateEv
                0x00010870       0x48 D:\ClearCore-Motion-Stack\ProjectTemplate\libClearCore\Release\libClearCore.a(DigitalInAnalogIn.o)
                0x00010870                ClearCore::DigitalInAnalogIn::State()
 .text._ZN9ClearCore12DigitalInOut4ModeEv
                0x000108b8        0x4 D:\ClearCore-Motion-Stack\ProjectTemplate\libClearCore\Release\libClearCore.a(DigitalInOut.o)
                0x000108b8                ClearCore::DigitalInOut::Mode()
 .text._ZN9ClearCore12DigitalInOut4TypeEv
                0x000108bc        0x4 D:\ClearCore-Motion-Stack\ProjectTemplate\libClearCore\Release\libClearCore.a(DigitalInOut.o)
                0x000108bc                ClearCore::DigitalInOut::Type()
 .text._ZN9ClearCore12DigitalInOut10IsWritableEv
                0x000108c0       0x14 D:\ClearCore-Motion-Stack\ProjectTemplate\libClearCore\Release\libClearCore.a(DigitalInOut.o)
                0x000108c0                ClearCore::DigitalInOut::IsWritable()
 .text._ZN9ClearCore12DigitalInOut5StateEs
                0x000108d4       0xb8 D:\ClearCore-Motion-Stack\ProjectTemplate\libClearCore\Release\libClearCore.a(DigitalInOut.o)
                0x000108d4                ClearCore::DigitalInOut::State(short)
 .text._ZN9ClearCore12DigitalInOut4ModeENS_9Connector14ConnectorModesE
                0x0001098c      0x224 D:\ClearCore-Motion-Stack\ProjectTemplate\libClearCore\Release\libClearCore.a(DigitalInOut.o)
                0x0001098c                ClearCore::DigitalInOut::Mode(ClearCore::Connector::ConnectorModes)
 .text._ZN9ClearCore12DigitalInOutC2ENS_13ShiftRegister5MasksEPK15PeripheralRouteS5_b
                0x00010bb0       0x6c D:\ClearCore-Motion-Stack\ProjectTemplate\libClearCore\Release\libClearCore.a(DigitalInOut.o)
                0x00010bb0                ClearCore::DigitalInOut::DigitalInOut(ClearCore::ShiftRegister::Masks, PeripheralRoute const*, PeripheralRoute const*, bool)
                0x00010bb0                ClearCore::DigitalInOut::DigitalInOut(ClearCore::ShiftRegister::Masks, PeripheralRoute const*, PeripheralRoute const*, bool)
 .text._ZN9ClearCore12DigitalInOut7RefreshEv
                0x00010c1c      0x20c D:\ClearCore-Motion-Stack\ProjectTemplate\libClearCore\Release\libClearCore.a(DigitalInOut.o)
                0x00010c1c                ClearCore::DigitalInOut::Refresh()
 .text._ZN9ClearCore12DigitalInOut5StateEv
                0x00010e28       0x40 D:\ClearCore-Motion-Stack\ProjectTemplate\libClearCore\Release\libClearCore.a(DigitalInOut.o)
                0x00010e28                ClearCore::DigitalInOut::State()
 .text._ZN9ClearCore12DigitalInOut10InitializeE13ClearCorePins
                0x00010e68       0x74 D:\ClearCore-Motion-Stack\ProjectTemplate\libClearCore\Release\libClearCore.a(DigitalInOut.o)
                0x00010e68                ClearCore::DigitalInOut::Initialize(ClearCorePins)
 .text._ZN9ClearCore9Connector4ModeEv
                0x00010edc        0x4 D:\ClearCore-Motion-Stack\ProjectTemplate\libClearCore\Release\libClearCore.a(DigitalIn.o)
                0x00010edc                ClearCore::Connector::Mode()
 .text._ZN9ClearCore9Connector17ExternalInterruptEv
                0x00010ee0        0x8 D:\ClearCore-Motion-Stack\ProjectTemplate\libClearCore\Release\libClearCore.a(DigitalIn.o)
                0x00010ee0                ClearCore::Connector::ExternalInterrupt()
 .text._ZN9ClearCore9DigitalIn4ModeEv
                0x00010ee8        0x4 D:\ClearCore-Motion-Stack\ProjectTemplate\libClearCore\Release\libClearCore.a(DigitalIn.o)
                0x00010ee8                ClearCore::DigitalIn::Mode()
 .text._ZN9ClearCore9DigitalIn4ModeENS_9Connector14ConnectorModesE
                0x00010eec        0xc D:\ClearCore-Motion-Stack\ProjectTemplate\libClearCore\Release\libClearCore.a(DigitalIn.o)
                0x00010eec                ClearCore::DigitalIn::Mode(ClearCore::Connector::ConnectorModes)
 .text._ZN9ClearCore9DigitalIn4TypeEv
                0x00010ef8        0x4 D:\ClearCore-Motion-Stack\ProjectTemplate\libClearCore\Release\libClearCore.a(DigitalIn.o)
                0x00010ef8                ClearCore::DigitalIn::Type()
 .text._ZN9ClearCore9DigitalIn10IsWritableEv
                0x00010efc        0x4 D:\ClearCore-Motion-Stack\ProjectTemplate\libClearCore\Release\libClearCore.a(DigitalIn.o)
                0x00010efc                ClearCore::DigitalIn::IsWritable()
 .text._ZN9ClearCore9DigitalIn5StateEs
                0x00010f00        0x4 D:\ClearCore-Motion-Stack\ProjectTemplate\libClearCore\Release\libClearCore.a(DigitalIn.o)
                0x00010f00                ClearCore::DigitalIn::State(short)
 .text._ZN9ClearCore9DigitalIn5StateEv
                0x00010f04       0x28 D:\ClearCore-Motion-Stack\ProjectTemplate\libClearCore\Release\libClearCore.a(DigitalIn.o)
                0x00010f04                ClearCore::DigitalIn::State()
 .text._ZN9ClearCore9DigitalIn10InitializeE13ClearCorePins
                0x00010f2c       0xcc D:\ClearCore-Motion-Stack\ProjectTemplate\libClearCore\Release\libClearCore.a(DigitalIn.o)
                0x00010f2c                ClearCore::DigitalIn::Initialize(ClearCorePins)
 .text._ZN9ClearCore9DigitalIn7RefreshEv
                0x00010ff8      0x14c D:\ClearCore-Motion-Stack\ProjectTemplate\libClearCore\Release\libClearCore.a(DigitalIn.o)
                0x00010ff8                ClearCore::DigitalIn::Refresh()
 .text._ZN9ClearCore9ConnectorC2Ev
                0x00011144       0x14 D:\ClearCore-Motion-Stack\ProjectTemplate\libClearCore\Release\libClearCore.a(DigitalIn.o)
                0x00011144                ClearCore::Connector::Connector()
                0x00011144                ClearCore::Connector::Connector()
 .text._ZN9ClearCore9DigitalInC2ENS_13ShiftRegister5MasksEPK15PeripheralRoute
                0x00011158       0x48 D:\ClearCore-Motion-Stack\ProjectTemplate\libClearCore\Release\libClearCore.a(DigitalIn.o)
                0x00011158                ClearCore::DigitalIn::DigitalIn(ClearCore::ShiftRegister::Masks, PeripheralRoute const*)
                0x00011158                ClearCore::DigitalIn::DigitalIn(ClearCore::ShiftRegister::Masks, PeripheralRoute const*)
 .text._ZN9ClearCore9DigitalIn7StateRTEv
                0x000111a0       0x1c D:\ClearCore-Motion-Stack\ProjectTemplate\libClearCore\Release\libClearCore.a(DigitalIn.o)
                0x000111a0                ClearCore::DigitalIn::StateRT()
 .text._ZN9ClearCore9DigitalIn17UpdateFilterStateEv
                0x000111bc       0x9c D:\ClearCore-Motion-Stack\ProjectTemplate\libClearCore\Release\libClearCore.a(DigitalIn.o)
                0x000111bc                ClearCore::DigitalIn::UpdateFilterState()
 .text._ZN9ClearCore19DigitalInOutHBridge4ModeEv
                0x00011258        0x4 D:\ClearCore-Motion-Stack\ProjectTemplate\libClearCore\Release\libClearCore.a(DigitalInOutHBridge.o)
                0x00011258                ClearCore::DigitalInOutHBridge::Mode()
 .text._ZN9ClearCore19DigitalInOutHBridge4TypeEv
                0x0001125c        0x4 D:\ClearCore-Motion-Stack\ProjectTemplate\libClearCore\Release\libClearCore.a(DigitalInOutHBridge.o)
                0x0001125c                ClearCore::DigitalInOutHBridge::Type()
 .text._ZN9ClearCore19DigitalInOutHBridge10IsWritableEv
                0x00011260       0x10 D:\ClearCore-Motion-Stack\ProjectTemplate\libClearCore\Release\libClearCore.a(DigitalInOutHBridge.o)
                0x00011260                ClearCore::DigitalInOutHBridge::IsWritable()
 .text._ZN9ClearCore19DigitalInOutHBridgeC2ENS_13ShiftRegister5MasksEPK15PeripheralRouteS5_S5_S5_4IRQnb
                0x00011270       0x60 D:\ClearCore-Motion-Stack\ProjectTemplate\libClearCore\Release\libClearCore.a(DigitalInOutHBridge.o)
                0x00011270                ClearCore::DigitalInOutHBridge::DigitalInOutHBridge(ClearCore::ShiftRegister::Masks, PeripheralRoute const*, PeripheralRoute const*, PeripheralRoute const*, PeripheralRoute const*, IRQn, bool)
                0x00011270                ClearCore::DigitalInOutHBridge::DigitalInOutHBridge(ClearCore::ShiftRegister::Masks, PeripheralRoute const*, PeripheralRoute const*, PeripheralRoute const*, PeripheralRoute const*, IRQn, bool)
 .text._ZN9ClearCore19DigitalInOutHBridge10FaultStateEb
                0x000112d0       0x54 D:\ClearCore-Motion-Stack\ProjectTemplate\libClearCore\Release\libClearCore.a(DigitalInOutHBridge.o)
                0x000112d0                ClearCore::DigitalInOutHBridge::FaultState(bool)
 .text._ZN9ClearCore19DigitalInOutHBridge5StateEv
                0x00011324       0x3c D:\ClearCore-Motion-Stack\ProjectTemplate\libClearCore\Release\libClearCore.a(DigitalInOutHBridge.o)
                0x00011324                ClearCore::DigitalInOutHBridge::State()
 .text._ZN9ClearCore19DigitalInOutHBridge5StateEs
                0x00011360       0x70 D:\ClearCore-Motion-Stack\ProjectTemplate\libClearCore\Release\libClearCore.a(DigitalInOutHBridge.o)
                0x00011360                ClearCore::DigitalInOutHBridge::State(short)
 .text._ZN9ClearCore19DigitalInOutHBridge10ToneUpdateEv
                0x000113d0      0x144 D:\ClearCore-Motion-Stack\ProjectTemplate\libClearCore\Release\libClearCore.a(DigitalInOutHBridge.o)
                0x000113d0                ClearCore::DigitalInOutHBridge::ToneUpdate()
 .text._ZN9ClearCore19DigitalInOutHBridge7RefreshEv
                0x00011514      0x114 D:\ClearCore-Motion-Stack\ProjectTemplate\libClearCore\Release\libClearCore.a(DigitalInOutHBridge.o)
                0x00011514                ClearCore::DigitalInOutHBridge::Refresh()
 .text._ZN9ClearCore19DigitalInOutHBridge10InitializeE13ClearCorePins
                0x00011628       0xc8 D:\ClearCore-Motion-Stack\ProjectTemplate\libClearCore\Release\libClearCore.a(DigitalInOutHBridge.o)
                0x00011628                ClearCore::DigitalInOutHBridge::Initialize(ClearCorePins)
 .text._ZN9ClearCore19DigitalInOutHBridge4ModeENS_9Connector14ConnectorModesE
                0x000116f0      0x1a4 D:\ClearCore-Motion-Stack\ProjectTemplate\libClearCore\Release\libClearCore.a(DigitalInOutHBridge.o)
                0x000116f0                ClearCore::DigitalInOutHBridge::Mode(ClearCore::Connector::ConnectorModes)
 .text._ZN9ClearCore10DmaManager8InstanceEv
                0x00011894       0x28 D:\ClearCore-Motion-Stack\ProjectTemplate\libClearCore\Release\libClearCore.a(DmaManager.o)
                0x00011894                ClearCore::DmaManager::Instance()
 .text._ZN9ClearCore10DmaManager10InitializeEv
                0x000118bc       0x64 D:\ClearCore-Motion-Stack\ProjectTemplate\libClearCore\Release\libClearCore.a(DmaManager.o)
                0x000118bc                ClearCore::DmaManager::Initialize()
 .text._ZN9ClearCore10DmaManager7ChannelENS_11DmaChannelsE
                0x00011920       0x14 D:\ClearCore-Motion-Stack\ProjectTemplate\libClearCore\Release\libClearCore.a(DmaManager.o)
                0x00011920                ClearCore::DmaManager::Channel(ClearCore::DmaChannels)
 .text._ZN9ClearCore10DmaManager14BaseDescriptorENS_11DmaChannelsE
                0x00011934       0x14 D:\ClearCore-Motion-Stack\ProjectTemplate\libClearCore\Release\libClearCore.a(DmaManager.o)
                0x00011934                ClearCore::DmaManager::BaseDescriptor(ClearCore::DmaChannels)
 .text.startup._GLOBAL__sub_I__ZN9ClearCore10DmaManager19writeBackDescriptorE
                0x00011948       0x10 D:\ClearCore-Motion-Stack\ProjectTemplate\libClearCore\Release\libClearCore.a(DmaManager.o)
 .text._ZN9ClearCore16CcioBoardManager12CcioDiscoverEPNS_12SerialDriverE.part.1
                0x00011958      0x488 D:\ClearCore-Motion-Stack\ProjectTemplate\libClearCore\Release\libClearCore.a(CcioBoardManager.o)
 .text._ZN9ClearCore16CcioBoardManager8InstanceEv
                0x00011de0      0x118 D:\ClearCore-Motion-Stack\ProjectTemplate\libClearCore\Release\libClearCore.a(CcioBoardManager.o)
                0x00011de0                ClearCore::CcioBoardManager::Instance()
 .text._ZN9ClearCore16CcioBoardManager10InitializeEv
                0x00011ef8       0xb8 D:\ClearCore-Motion-Stack\ProjectTemplate\libClearCore\Release\libClearCore.a(CcioBoardManager.o)
                0x00011ef8                ClearCore::CcioBoardManager::Initialize()
 .text._ZN9ClearCore16CcioBoardManager8PinStateE13ClearCorePins
                0x00011fb0       0x30 D:\ClearCore-Motion-Stack\ProjectTemplate\libClearCore\Release\libClearCore.a(CcioBoardManager.o)
                0x00011fb0                ClearCore::CcioBoardManager::PinState(ClearCorePins)
 .text._ZN9ClearCore16CcioBoardManager7RefreshEv
                0x00011fe0      0x5c4 D:\ClearCore-Motion-Stack\ProjectTemplate\libClearCore\Release\libClearCore.a(CcioBoardManager.o)
                0x00011fe0                ClearCore::CcioBoardManager::Refresh()
 .text._ZN9ClearCore16CcioBoardManager11RefreshSlowEv
                0x000125a4       0x3c D:\ClearCore-Motion-Stack\ProjectTemplate\libClearCore\Release\libClearCore.a(CcioBoardManager.o)
                0x000125a4                ClearCore::CcioBoardManager::RefreshSlow()
 .text._ZN9ClearCore16CcioBoardManager8PinStateE13ClearCorePinsb
                0x000125e0       0x5c D:\ClearCore-Motion-Stack\ProjectTemplate\libClearCore\Release\libClearCore.a(CcioBoardManager.o)
                0x000125e0                ClearCore::CcioBoardManager::PinState(ClearCorePins, bool)
 .text._ZN9ClearCore16CcioBoardManager9LinkCloseEv
                0x0001263c       0x40 D:\ClearCore-Motion-Stack\ProjectTemplate\libClearCore\Release\libClearCore.a(CcioBoardManager.o)
                0x0001263c                ClearCore::CcioBoardManager::LinkClose()
 .text._ZN9ClearCore16CcioBoardManager12CcioDiscoverEPNS_12SerialDriverE
                0x0001267c       0x38 D:\ClearCore-Motion-Stack\ProjectTemplate\libClearCore\Release\libClearCore.a(CcioBoardManager.o)
                0x0001267c                ClearCore::CcioBoardManager::CcioDiscover(ClearCore::SerialDriver*)
 .text._ZN9ClearCore16CcioBoardManager10PinByIndexE13ClearCorePins
                0x000126b4       0x18 D:\ClearCore-Motion-Stack\ProjectTemplate\libClearCore\Release\libClearCore.a(CcioBoardManager.o)
                0x000126b4                ClearCore::CcioBoardManager::PinByIndex(ClearCorePins)
 .text.startup._GLOBAL__sub_I__ZN9ClearCore7CcioMgrE
                0x000126cc       0x10 D:\ClearCore-Motion-Stack\ProjectTemplate\libClearCore\Release\libClearCore.a(CcioBoardManager.o)
 .text._ZN9ClearCore7CcioPin4ModeEv
                0x000126dc        0x4 D:\ClearCore-Motion-Stack\ProjectTemplate\libClearCore\Release\libClearCore.a(CcioPin.o)
                0x000126dc                ClearCore::CcioPin::Mode()
 .text._ZN9ClearCore7CcioPin4TypeEv
                0x000126e0        0x4 D:\ClearCore-Motion-Stack\ProjectTemplate\libClearCore\Release\libClearCore.a(CcioPin.o)
                0x000126e0                ClearCore::CcioPin::Type()
 .text._ZN9ClearCore7CcioPin10IsWritableEv
                0x000126e4       0x10 D:\ClearCore-Motion-Stack\ProjectTemplate\libClearCore\Release\libClearCore.a(CcioPin.o)
                0x000126e4                ClearCore::CcioPin::IsWritable()
 .text._ZN9ClearCore7CcioPin7RefreshEv
                0x000126f4        0x4 D:\ClearCore-Motion-Stack\ProjectTemplate\libClearCore\Release\libClearCore.a(CcioPin.o)
                0x000126f4                ClearCore::CcioPin::Refresh()
 .text._ZN9ClearCore7CcioPin10InitializeE13ClearCorePins
                0x000126f8       0x40 D:\ClearCore-Motion-Stack\ProjectTemplate\libClearCore\Release\libClearCore.a(CcioPin.o)
                0x000126f8                ClearCore::CcioPin::Initialize(ClearCorePins)
 .text._ZN9ClearCore7CcioPin4ModeENS_9Connector14ConnectorModesE
                0x00012738       0x70 D:\ClearCore-Motion-Stack\ProjectTemplate\libClearCore\Release\libClearCore.a(CcioPin.o)
                0x00012738                ClearCore::CcioPin::Mode(ClearCore::Connector::ConnectorModes)
 .text._ZN9ClearCore7CcioPin5StateEv
                0x000127a8       0x3c D:\ClearCore-Motion-Stack\ProjectTemplate\libClearCore\Release\libClearCore.a(CcioPin.o)
                0x000127a8                ClearCore::CcioPin::State()
 .text._ZN9ClearCore7CcioPin11IsInHwFaultEv
                0x000127e4       0x20 D:\ClearCore-Motion-Stack\ProjectTemplate\libClearCore\Release\libClearCore.a(CcioPin.o)
                0x000127e4                ClearCore::CcioPin::IsInHwFault()
 .text._ZN9ClearCore7CcioPin5StateEs
                0x00012804       0x48 D:\ClearCore-Motion-Stack\ProjectTemplate\libClearCore\Release\libClearCore.a(CcioPin.o)
                0x00012804                ClearCore::CcioPin::State(short)
 .text._ZN9ClearCore7CcioPinC2Ev
                0x0001284c       0x34 D:\ClearCore-Motion-Stack\ProjectTemplate\libClearCore\Release\libClearCore.a(CcioPin.o)
                0x0001284c                ClearCore::CcioPin::CcioPin()
                0x0001284c                ClearCore::CcioPin::CcioPin()
 .text._ZN9ClearCore12InputManager8InstanceEv
                0x00012880       0x5c D:\ClearCore-Motion-Stack\ProjectTemplate\libClearCore\Release\libClearCore.a(InputManager.o)
                0x00012880                ClearCore::InputManager::Instance()
 .text._ZN9ClearCore12InputManager10InitializeEv
                0x000128dc       0x18 D:\ClearCore-Motion-Stack\ProjectTemplate\libClearCore\Release\libClearCore.a(InputManager.o)
                0x000128dc                ClearCore::InputManager::Initialize()
 .text._ZN9ClearCore12InputManager15InterruptEnableEabb
                0x000128f4       0x78 D:\ClearCore-Motion-Stack\ProjectTemplate\libClearCore\Release\libClearCore.a(InputManager.o)
                0x000128f4                ClearCore::InputManager::InterruptEnable(signed char, bool, bool)
 .text._ZN9ClearCore12InputManager11EIC_HandlerEh
                0x0001296c       0x5c D:\ClearCore-Motion-Stack\ProjectTemplate\libClearCore\Release\libClearCore.a(InputManager.o)
                0x0001296c                ClearCore::InputManager::EIC_Handler(unsigned char)
 .text._ZN9ClearCore12InputManager11UpdateBeginEv
                0x000129c8       0x28 D:\ClearCore-Motion-Stack\ProjectTemplate\libClearCore\Release\libClearCore.a(InputManager.o)
                0x000129c8                ClearCore::InputManager::UpdateBegin()
 .text._ZN9ClearCore12InputManager9UpdateEndEv
                0x000129f0       0x54 D:\ClearCore-Motion-Stack\ProjectTemplate\libClearCore\Release\libClearCore.a(InputManager.o)
                0x000129f0                ClearCore::InputManager::UpdateEnd()
 .text.startup._GLOBAL__sub_I__ZN9ClearCore8InputMgrE
                0x00012a44       0x10 D:\ClearCore-Motion-Stack\ProjectTemplate\libClearCore\Release\libClearCore.a(InputManager.o)
 .text._ZN9ClearCore10SerialBase5SpeedEv
                0x00012a54        0x4 D:\ClearCore-Motion-Stack\ProjectTemplate\libClearCore\Release\libClearCore.a(SerialBase.o)
                0x00012a54                ClearCore::SerialBase::Speed()
 .text._ZN9ClearCore10SerialBase6ParityEv
                0x00012a58        0x4 D:\ClearCore-Motion-Stack\ProjectTemplate\libClearCore\Release\libClearCore.a(SerialBase.o)
                0x00012a58                ClearCore::SerialBase::Parity()
 .text._ZN9ClearCore10SerialBasecvbEv
                0x00012a5c        0x4 D:\ClearCore-Motion-Stack\ProjectTemplate\libClearCore\Release\libClearCore.a(SerialBase.o)
                0x00012a5c                ClearCore::SerialBase::operator bool()
 .text._ZN9ClearCore10SerialBase10PortIsOpenEv
                0x00012a60        0x8 D:\ClearCore-Motion-Stack\ProjectTemplate\libClearCore\Release\libClearCore.a(SerialBase.o)
                0x00012a60                ClearCore::SerialBase::PortIsOpen()
 .text._ZN9ClearCore10SerialBase5FlushEv
                0x00012a68       0x10 D:\ClearCore-Motion-Stack\ProjectTemplate\libClearCore\Release\libClearCore.a(SerialBase.o)
                0x00012a68                ClearCore::SerialBase::Flush()
 .text._ZN9ClearCore10SerialBase10FlushInputEv
                0x00012a78       0x14 D:\ClearCore-Motion-Stack\ProjectTemplate\libClearCore\Release\libClearCore.a(SerialBase.o)
                0x00012a78                ClearCore::SerialBase::FlushInput()
 .text._ZN9ClearCore10SerialBase7CharGetEv
                0x00012a8c       0x38 D:\ClearCore-Motion-Stack\ProjectTemplate\libClearCore\Release\libClearCore.a(SerialBase.o)
                0x00012a8c                ClearCore::SerialBase::CharGet()
 .text._ZN9ClearCore10SerialBase8CharPeekEv
                0x00012ac4       0x1c D:\ClearCore-Motion-Stack\ProjectTemplate\libClearCore\Release\libClearCore.a(SerialBase.o)
                0x00012ac4                ClearCore::SerialBase::CharPeek()
 .text._ZN9ClearCore10SerialBase16AvailableForReadEv
                0x00012ae0       0x10 D:\ClearCore-Motion-Stack\ProjectTemplate\libClearCore\Release\libClearCore.a(SerialBase.o)
                0x00012ae0                ClearCore::SerialBase::AvailableForRead()
 .text._ZN9ClearCore10SerialBase17AvailableForWriteEv
                0x00012af0       0x14 D:\ClearCore-Motion-Stack\ProjectTemplate\libClearCore\Release\libClearCore.a(SerialBase.o)
                0x00012af0                ClearCore::SerialBase::AvailableForWrite()
 .text._ZN9ClearCore10SerialBase8SendCharEh
                0x00012b04       0x40 D:\ClearCore-Motion-Stack\ProjectTemplate\libClearCore\Release\libClearCore.a(SerialBase.o)
                0x00012b04                ClearCore::SerialBase::SendChar(unsigned char)
 .text._ZN9ClearCore10SerialBase19WaitForTransmitIdleEv
                0x00012b44       0x58 D:\ClearCore-Motion-Stack\ProjectTemplate\libClearCore\Release\libClearCore.a(SerialBase.o)
                0x00012b44                ClearCore::SerialBase::WaitForTransmitIdle()
 .text._ZN9ClearCore10SerialBase5SpeedEm
                0x00012b9c      0x154 D:\ClearCore-Motion-Stack\ProjectTemplate\libClearCore\Release\libClearCore.a(SerialBase.o)
                0x00012b9c                ClearCore::SerialBase::Speed(unsigned long)
 .text._ZN9ClearCore10SerialBase9PortCloseEv
                0x00012cf0      0x118 D:\ClearCore-Motion-Stack\ProjectTemplate\libClearCore\Release\libClearCore.a(SerialBase.o)
                0x00012cf0                ClearCore::SerialBase::PortClose()
 .text._ZN9ClearCore10SerialBase6ParityENS_7ISerial9_ParitiesE
                0x00012e08       0xf0 D:\ClearCore-Motion-Stack\ProjectTemplate\libClearCore\Release\libClearCore.a(SerialBase.o)
                0x00012e08                ClearCore::SerialBase::Parity(ClearCore::ISerial::_Parities)
 .text._ZN9ClearCore10SerialBase8CharSizeEh
                0x00012ef8       0xe4 D:\ClearCore-Motion-Stack\ProjectTemplate\libClearCore\Release\libClearCore.a(SerialBase.o)
                0x00012ef8                ClearCore::SerialBase::CharSize(unsigned char)
 .text._ZN9ClearCore10SerialBase8StopBitsEh
                0x00012fdc       0xdc D:\ClearCore-Motion-Stack\ProjectTemplate\libClearCore\Release\libClearCore.a(SerialBase.o)
                0x00012fdc                ClearCore::SerialBase::StopBits(unsigned char)
 .text._ZN9ClearCore10SerialBase8PortModeENS0_9PortModesE.part.9
                0x000130b8      0x8dc D:\ClearCore-Motion-Stack\ProjectTemplate\libClearCore\Release\libClearCore.a(SerialBase.o)
 .text._ZN9ClearCore10SerialBase8PortOpenEv
                0x00013994       0x18 D:\ClearCore-Motion-Stack\ProjectTemplate\libClearCore\Release\libClearCore.a(SerialBase.o)
                0x00013994                ClearCore::SerialBase::PortOpen()
 .text._ZN9ClearCore10SerialBaseC2EPK15PeripheralRouteS3_S3_S3_h
                0x000139ac       0x98 D:\ClearCore-Motion-Stack\ProjectTemplate\libClearCore\Release\libClearCore.a(SerialBase.o)
                0x000139ac                ClearCore::SerialBase::SerialBase(PeripheralRoute const*, PeripheralRoute const*, PeripheralRoute const*, PeripheralRoute const*, unsigned char)
                0x000139ac                ClearCore::SerialBase::SerialBase(PeripheralRoute const*, PeripheralRoute const*, PeripheralRoute const*, PeripheralRoute const*, unsigned char)
 .text._ZN9ClearCore10SerialBase15WaitOneCharTimeEv
                0x00013a44       0x24 D:\ClearCore-Motion-Stack\ProjectTemplate\libClearCore\Release\libClearCore.a(SerialBase.o)
                0x00013a44                ClearCore::SerialBase::WaitOneCharTime()
 .text._ZN9ClearCore10SerialBase8PortModeENS0_9PortModesE
                0x00013a68       0x18 D:\ClearCore-Motion-Stack\ProjectTemplate\libClearCore\Release\libClearCore.a(SerialBase.o)
                0x00013a68                ClearCore::SerialBase::PortMode(ClearCore::SerialBase::PortModes)
 .text._ZN9ClearCore10SerialBase9SpiSsModeENS0_13CtrlLineModesE
                0x00013a80       0x74 D:\ClearCore-Motion-Stack\ProjectTemplate\libClearCore\Release\libClearCore.a(SerialBase.o)
                0x00013a80                ClearCore::SerialBase::SpiSsMode(ClearCore::SerialBase::CtrlLineModes)
 .text._ZN9ClearCore10SerialBase8SpiClockENS0_18SpiClockPolaritiesENS0_14SpiClockPhasesE
                0x00013af4       0xe0 D:\ClearCore-Motion-Stack\ProjectTemplate\libClearCore\Release\libClearCore.a(SerialBase.o)
                0x00013af4                ClearCore::SerialBase::SpiClock(ClearCore::SerialBase::SpiClockPolarities, ClearCore::SerialBase::SpiClockPhases)
 .text._ZN9ClearCore10SerialBase15SpiTransferDataEPKhPhl
                0x00013bd4       0x60 D:\ClearCore-Motion-Stack\ProjectTemplate\libClearCore\Release\libClearCore.a(SerialBase.o)
                0x00013bd4                ClearCore::SerialBase::SpiTransferData(unsigned char const*, unsigned char*, long)
 .text._ZN9ClearCore10SerialBase20SpiTransferDataAsyncEPKhPhl
                0x00013c34       0xa4 D:\ClearCore-Motion-Stack\ProjectTemplate\libClearCore\Release\libClearCore.a(SerialBase.o)
                0x00013c34                ClearCore::SerialBase::SpiTransferDataAsync(unsigned char const*, unsigned char*, long)
 .text._ZN9ClearCore10SerialBase20SpiAsyncWaitCompleteEv
                0x00013cd8       0x3c D:\ClearCore-Motion-Stack\ProjectTemplate\libClearCore\Release\libClearCore.a(SerialBase.o)
                0x00013cd8                ClearCore::SerialBase::SpiAsyncWaitComplete()
 .text._ZN9ClearCore10SerialBase12IrqHandlerTxEv
                0x00013d14       0x50 D:\ClearCore-Motion-Stack\ProjectTemplate\libClearCore\Release\libClearCore.a(SerialBase.o)
                0x00013d14                ClearCore::SerialBase::IrqHandlerTx()
 .text._ZN9ClearCore10SerialBase12IrqHandlerRxEv
                0x00013d64       0x78 D:\ClearCore-Motion-Stack\ProjectTemplate\libClearCore\Release\libClearCore.a(SerialBase.o)
                0x00013d64                ClearCore::SerialBase::IrqHandlerRx()
 .text._ZN9ClearCore10SerialBase19IrqHandlerExceptionEv
                0x00013ddc       0x6c D:\ClearCore-Motion-Stack\ProjectTemplate\libClearCore\Release\libClearCore.a(SerialBase.o)
                0x00013ddc                ClearCore::SerialBase::IrqHandlerException()
 .text._ZN9ClearCore12SerialDriver4ModeEv
                0x00013e48       0x10 D:\ClearCore-Motion-Stack\ProjectTemplate\libClearCore\Release\libClearCore.a(SerialDriver.o)
                0x00013e48                ClearCore::SerialDriver::Mode()
                0x00013e50                non-virtual thunk to ClearCore::SerialDriver::Mode()
 .text._ZN9ClearCore12SerialDriver4TypeEv
                0x00013e58        0xc D:\ClearCore-Motion-Stack\ProjectTemplate\libClearCore\Release\libClearCore.a(SerialDriver.o)
                0x00013e58                ClearCore::SerialDriver::Type()
                0x00013e5c                non-virtual thunk to ClearCore::SerialDriver::Type()
 .text._ZN9ClearCore12SerialDriver10IsWritableEv
                0x00013e64       0x10 D:\ClearCore-Motion-Stack\ProjectTemplate\libClearCore\Release\libClearCore.a(SerialDriver.o)
                0x00013e64                ClearCore::SerialDriver::IsWritable()
                0x00013e6c                non-virtual thunk to ClearCore::SerialDriver::IsWritable()
 .text._ZN9ClearCore12SerialDriver5StateEv
                0x00013e74       0x14 D:\ClearCore-Motion-Stack\ProjectTemplate\libClearCore\Release\libClearCore.a(SerialDriver.o)
                0x00013e74                ClearCore::SerialDriver::State()
                0x00013e80                non-virtual thunk to ClearCore::SerialDriver::State()
 .text._ZN9ClearCore12SerialDriver11IsInHwFaultEv
                0x00013e88        0xc D:\ClearCore-Motion-Stack\ProjectTemplate\libClearCore\Release\libClearCore.a(SerialDriver.o)
                0x00013e88                ClearCore::SerialDriver::IsInHwFault()
                0x00013e8c                non-virtual thunk to ClearCore::SerialDriver::IsInHwFault()
 .text._ZN9ClearCore12SerialDriver7RefreshEv
                0x00013e94        0xc D:\ClearCore-Motion-Stack\ProjectTemplate\libClearCore\Release\libClearCore.a(SerialDriver.o)
                0x00013e94                ClearCore::SerialDriver::Refresh()
                0x00013e98                non-virtual thunk to ClearCore::SerialDriver::Refresh()
 .text._ZN9ClearCore12SerialDriverC2EtNS_13ShiftRegister5MasksES2_S2_PK15PeripheralRouteS5_S5_S5_h
                0x00013ea0       0x54 D:\ClearCore-Motion-Stack\ProjectTemplate\libClearCore\Release\libClearCore.a(SerialDriver.o)
                0x00013ea0                ClearCore::SerialDriver::SerialDriver(unsigned short, ClearCore::ShiftRegister::Masks, ClearCore::ShiftRegister::Masks, ClearCore::ShiftRegister::Masks, PeripheralRoute const*, PeripheralRoute const*, PeripheralRoute const*, PeripheralRoute const*, unsigned char)
                0x00013ea0                ClearCore::SerialDriver::SerialDriver(unsigned short, ClearCore::ShiftRegister::Masks, ClearCore::ShiftRegister::Masks, ClearCore::ShiftRegister::Masks, PeripheralRoute const*, PeripheralRoute const*, PeripheralRoute const*, PeripheralRoute const*, unsigned char)
 .text._ZN9ClearCore12SerialDriver5SpeedEm
                0x00013ef4       0x1c D:\ClearCore-Motion-Stack\ProjectTemplate\libClearCore\Release\libClearCore.a(SerialDriver.o)
                0x00013ef4                ClearCore::SerialDriver::Speed(unsigned long)
 .text._ZN9ClearCore12SerialDriver4ModeENS_9Connector14ConnectorModesE
                0x00013f10      0x14c D:\ClearCore-Motion-Stack\ProjectTemplate\libClearCore\Release\libClearCore.a(SerialDriver.o)
                0x00013f10                ClearCore::SerialDriver::Mode(ClearCore::Connector::ConnectorModes)
 .text._ZThn324_N9ClearCore12SerialDriver4ModeENS_9Connector14ConnectorModesE
                0x0001405c        0x8 D:\ClearCore-Motion-Stack\ProjectTemplate\libClearCore\Release\libClearCore.a(SerialDriver.o)
                0x0001405c                non-virtual thunk to ClearCore::SerialDriver::Mode(ClearCore::Connector::ConnectorModes)
 .text._ZN9ClearCore12SerialDriver8PortOpenEv
                0x00014064       0x54 D:\ClearCore-Motion-Stack\ProjectTemplate\libClearCore\Release\libClearCore.a(SerialDriver.o)
                0x00014064                ClearCore::SerialDriver::PortOpen()
 .text._ZN9ClearCore12SerialDriver9PortCloseEv
                0x000140b8       0x4c D:\ClearCore-Motion-Stack\ProjectTemplate\libClearCore\Release\libClearCore.a(SerialDriver.o)
                0x000140b8                ClearCore::SerialDriver::PortClose()
 .text._ZN9ClearCore12SerialDriver10InitializeE13ClearCorePins
                0x00014104       0xf0 D:\ClearCore-Motion-Stack\ProjectTemplate\libClearCore\Release\libClearCore.a(SerialDriver.o)
                0x00014104                ClearCore::SerialDriver::Initialize(ClearCorePins)
 .text._ZThn324_N9ClearCore12SerialDriver10InitializeE13ClearCorePins
                0x000141f4        0x8 D:\ClearCore-Motion-Stack\ProjectTemplate\libClearCore\Release\libClearCore.a(SerialDriver.o)
                0x000141f4                non-virtual thunk to ClearCore::SerialDriver::Initialize(ClearCorePins)
 .text._ZN9ClearCore12SerialDriver5StateEs
                0x000141fc       0xbc D:\ClearCore-Motion-Stack\ProjectTemplate\libClearCore\Release\libClearCore.a(SerialDriver.o)
                0x000141fc                ClearCore::SerialDriver::State(short)
                0x000142b0                non-virtual thunk to ClearCore::SerialDriver::State(short)
 .text._ZN9ClearCore9SerialUsb6ParityENS_7ISerial9_ParitiesE
                0x000142b8        0xc D:\ClearCore-Motion-Stack\ProjectTemplate\libClearCore\Release\libClearCore.a(SerialUsb.o)
                0x000142b8                ClearCore::SerialUsb::Parity(ClearCore::ISerial::_Parities)
 .text._ZN9ClearCore9SerialUsb6ParityEv
                0x000142c4        0x4 D:\ClearCore-Motion-Stack\ProjectTemplate\libClearCore\Release\libClearCore.a(SerialUsb.o)
                0x000142c4                ClearCore::SerialUsb::Parity()
 .text._ZN9ClearCore9SerialUsb8StopBitsEh
                0x000142c8        0xc D:\ClearCore-Motion-Stack\ProjectTemplate\libClearCore\Release\libClearCore.a(SerialUsb.o)
                0x000142c8                ClearCore::SerialUsb::StopBits(unsigned char)
 .text._ZN9ClearCore9SerialUsb8CharSizeEh
                0x000142d4        0xc D:\ClearCore-Motion-Stack\ProjectTemplate\libClearCore\Release\libClearCore.a(SerialUsb.o)
                0x000142d4                ClearCore::SerialUsb::CharSize(unsigned char)
 .text._ZN9ClearCore9SerialUsb4ModeEv
                0x000142e0        0xc D:\ClearCore-Motion-Stack\ProjectTemplate\libClearCore\Release\libClearCore.a(SerialUsb.o)
                0x000142e0                ClearCore::SerialUsb::Mode()
                0x000142e4                non-virtual thunk to ClearCore::SerialUsb::Mode()
 .text._ZN9ClearCore9SerialUsb4ModeENS_9Connector14ConnectorModesE
                0x000142ec       0x14 D:\ClearCore-Motion-Stack\ProjectTemplate\libClearCore\Release\libClearCore.a(SerialUsb.o)
                0x000142ec                ClearCore::SerialUsb::Mode(ClearCore::Connector::ConnectorModes)
                0x000142f8                non-virtual thunk to ClearCore::SerialUsb::Mode(ClearCore::Connector::ConnectorModes)
 .text._ZN9ClearCore9SerialUsb4TypeEv
                0x00014300        0xc D:\ClearCore-Motion-Stack\ProjectTemplate\libClearCore\Release\libClearCore.a(SerialUsb.o)
                0x00014300                ClearCore::SerialUsb::Type()
                0x00014304                non-virtual thunk to ClearCore::SerialUsb::Type()
 .text._ZN9ClearCore9SerialUsb11IsInHwFaultEv
                0x0001430c        0xc D:\ClearCore-Motion-Stack\ProjectTemplate\libClearCore\Release\libClearCore.a(SerialUsb.o)
                0x0001430c                ClearCore::SerialUsb::IsInHwFault()
                0x00014310                non-virtual thunk to ClearCore::SerialUsb::IsInHwFault()
 .text._ZN9ClearCore9SerialUsb10InitializeE13ClearCorePins
                0x00014318       0x10 D:\ClearCore-Motion-Stack\ProjectTemplate\libClearCore\Release\libClearCore.a(SerialUsb.o)
                0x00014318                ClearCore::SerialUsb::Initialize(ClearCorePins)
                0x00014320                non-virtual thunk to ClearCore::SerialUsb::Initialize(ClearCorePins)
 .text._ZN9ClearCore9SerialUsb7RefreshEv
                0x00014328        0xc D:\ClearCore-Motion-Stack\ProjectTemplate\libClearCore\Release\libClearCore.a(SerialUsb.o)
                0x00014328                ClearCore::SerialUsb::Refresh()
                0x0001432c                non-virtual thunk to ClearCore::SerialUsb::Refresh()
 .text._ZN9ClearCore9SerialUsb10FlushInputEv
                0x00014334        0xc D:\ClearCore-Motion-Stack\ProjectTemplate\libClearCore\Release\libClearCore.a(SerialUsb.o)
                0x00014334                ClearCore::SerialUsb::FlushInput()
 .text._ZN9ClearCore9SerialUsb19WaitForTransmitIdleEv
                0x00014340        0xc D:\ClearCore-Motion-Stack\ProjectTemplate\libClearCore\Release\libClearCore.a(SerialUsb.o)
                0x00014340                ClearCore::SerialUsb::WaitForTransmitIdle()
                0x00014340                ClearCore::SerialUsb::Flush()
 .text._ZN9ClearCore9SerialUsbcvbEv
                0x0001434c        0xc D:\ClearCore-Motion-Stack\ProjectTemplate\libClearCore\Release\libClearCore.a(SerialUsb.o)
                0x0001434c                ClearCore::SerialUsb::PortIsOpen()
                0x0001434c                ClearCore::SerialUsb::operator bool()
 .text._ZN9ClearCore9SerialUsb8PortOpenEv
                0x00014358        0xc D:\ClearCore-Motion-Stack\ProjectTemplate\libClearCore\Release\libClearCore.a(SerialUsb.o)
                0x00014358                ClearCore::SerialUsb::PortOpen()
 .text._ZN9ClearCore9SerialUsb9PortCloseEv
                0x00014364        0xc D:\ClearCore-Motion-Stack\ProjectTemplate\libClearCore\Release\libClearCore.a(SerialUsb.o)
                0x00014364                ClearCore::SerialUsb::PortClose()
 .text._ZN9ClearCore9SerialUsb5SpeedEm
                0x00014370        0xc D:\ClearCore-Motion-Stack\ProjectTemplate\libClearCore\Release\libClearCore.a(SerialUsb.o)
                0x00014370                ClearCore::SerialUsb::Speed(unsigned long)
 .text._ZN9ClearCore9SerialUsb5SpeedEv
                0x0001437c        0xc D:\ClearCore-Motion-Stack\ProjectTemplate\libClearCore\Release\libClearCore.a(SerialUsb.o)
                0x0001437c                ClearCore::SerialUsb::Speed()
 .text._ZN9ClearCore9SerialUsb7CharGetEv
                0x00014388        0xc D:\ClearCore-Motion-Stack\ProjectTemplate\libClearCore\Release\libClearCore.a(SerialUsb.o)
                0x00014388                ClearCore::SerialUsb::CharGet()
 .text._ZN9ClearCore9SerialUsb8CharPeekEv
                0x00014394        0xc D:\ClearCore-Motion-Stack\ProjectTemplate\libClearCore\Release\libClearCore.a(SerialUsb.o)
                0x00014394                ClearCore::SerialUsb::CharPeek()
 .text._ZN9ClearCore9SerialUsb8SendCharEh
                0x000143a0        0xc D:\ClearCore-Motion-Stack\ProjectTemplate\libClearCore\Release\libClearCore.a(SerialUsb.o)
                0x000143a0                ClearCore::SerialUsb::SendChar(unsigned char)
 .text._ZN9ClearCore9SerialUsb16AvailableForReadEv
                0x000143ac        0xc D:\ClearCore-Motion-Stack\ProjectTemplate\libClearCore\Release\libClearCore.a(SerialUsb.o)
                0x000143ac                ClearCore::SerialUsb::AvailableForRead()
 .text._ZN9ClearCore9SerialUsb17AvailableForWriteEv
                0x000143b8        0xc D:\ClearCore-Motion-Stack\ProjectTemplate\libClearCore\Release\libClearCore.a(SerialUsb.o)
                0x000143b8                ClearCore::SerialUsb::AvailableForWrite()
 .text._ZN9ClearCore9SerialUsb10IsWritableEv
                0x000143c4       0x24 D:\ClearCore-Motion-Stack\ProjectTemplate\libClearCore\Release\libClearCore.a(SerialUsb.o)
                0x000143c4                ClearCore::SerialUsb::IsWritable()
                0x000143e0                non-virtual thunk to ClearCore::SerialUsb::IsWritable()
 .text._ZN9ClearCore9SerialUsb5StateEv
                0x000143e8       0x30 D:\ClearCore-Motion-Stack\ProjectTemplate\libClearCore\Release\libClearCore.a(SerialUsb.o)
                0x000143e8                ClearCore::SerialUsb::State()
                0x00014410                non-virtual thunk to ClearCore::SerialUsb::State()
 .text._ZN9ClearCore9SerialUsb5StateEs
                0x00014418       0x48 D:\ClearCore-Motion-Stack\ProjectTemplate\libClearCore\Release\libClearCore.a(SerialUsb.o)
                0x00014418                ClearCore::SerialUsb::State(short)
                0x00014458                non-virtual thunk to ClearCore::SerialUsb::State(short)
 .text._ZN9ClearCore13StatusManager8InstanceEv
                0x00014460       0x7c D:\ClearCore-Motion-Stack\ProjectTemplate\libClearCore\Release\libClearCore.a(StatusManager.o)
                0x00014460                ClearCore::StatusManager::Instance()
 .text._ZN9ClearCore13StatusManager8StatusRTENS0_14StatusRegisterE
                0x000144dc        0xc D:\ClearCore-Motion-Stack\ProjectTemplate\libClearCore\Release\libClearCore.a(StatusManager.o)
                0x000144dc                ClearCore::StatusManager::StatusRT(ClearCore::StatusManager::StatusRegister)
 .text._ZN9ClearCore13StatusManager14AdcIsInTimeoutEv
                0x000144e8        0xc D:\ClearCore-Motion-Stack\ProjectTemplate\libClearCore\Release\libClearCore.a(StatusManager.o)
                0x000144e8                ClearCore::StatusManager::AdcIsInTimeout()
 .text._ZN9ClearCore13StatusManager10InitializeENS_13ShiftRegister5MasksE
                0x000144f4       0x1c D:\ClearCore-Motion-Stack\ProjectTemplate\libClearCore\Release\libClearCore.a(StatusManager.o)
                0x000144f4                ClearCore::StatusManager::Initialize(ClearCore::ShiftRegister::Masks)
 .text._ZN9ClearCore13StatusManager12HBridgeStateEb
                0x00014510       0x68 D:\ClearCore-Motion-Stack\ProjectTemplate\libClearCore\Release\libClearCore.a(StatusManager.o)
                0x00014510                ClearCore::StatusManager::HBridgeState(bool)
 .text._ZN9ClearCore13StatusManager9BlinkCodeENS_15BlinkCodeDriver15BlinkCodeGroupsEh
                0x00014578       0x10 D:\ClearCore-Motion-Stack\ProjectTemplate\libClearCore\Release\libClearCore.a(StatusManager.o)
                0x00014578                ClearCore::StatusManager::BlinkCode(ClearCore::BlinkCodeDriver::BlinkCodeGroups, unsigned char)
 .text._ZN9ClearCore13StatusManager16UpdateBlinkCodesENS0_14StatusRegisterE
                0x00014588       0xb4 D:\ClearCore-Motion-Stack\ProjectTemplate\libClearCore\Release\libClearCore.a(StatusManager.o)
                0x00014588                ClearCore::StatusManager::UpdateBlinkCodes(ClearCore::StatusManager::StatusRegister)
 .text._ZN9ClearCore13StatusManager7RefreshEv
                0x0001463c      0x294 D:\ClearCore-Motion-Stack\ProjectTemplate\libClearCore\Release\libClearCore.a(StatusManager.o)
                0x0001463c                ClearCore::StatusManager::Refresh()
 .text._ZN9ClearCore13StatusManager14OverloadUpdateEmb
                0x000148d0       0x1c D:\ClearCore-Motion-Stack\ProjectTemplate\libClearCore\Release\libClearCore.a(StatusManager.o)
                0x000148d0                ClearCore::StatusManager::OverloadUpdate(unsigned long, bool)
 .text.startup._GLOBAL__sub_I__ZN9ClearCore9StatusMgrE
                0x000148ec       0x10 D:\ClearCore-Motion-Stack\ProjectTemplate\libClearCore\Release\libClearCore.a(StatusManager.o)
 .text._ZN9ClearCore10UsbManager18CBLineStateChangedE22usb_cdc_control_signal
                0x000148fc       0x80 D:\ClearCore-Motion-Stack\ProjectTemplate\libClearCore\Release\libClearCore.a(UsbManager.o)
                0x000148fc                ClearCore::UsbManager::CBLineStateChanged(usb_cdc_control_signal)
 .text._ZN9ClearCore10UsbManager10RxCompleteEh13usb_xfer_codem
                0x0001497c      0x238 D:\ClearCore-Motion-Stack\ProjectTemplate\libClearCore\Release\libClearCore.a(UsbManager.o)
                0x0001497c                ClearCore::UsbManager::RxComplete(unsigned char, usb_xfer_code, unsigned long)
 .text._ZN9ClearCore10UsbManager10TxCompleteEh13usb_xfer_codem
                0x00014bb4      0x3d0 D:\ClearCore-Motion-Stack\ProjectTemplate\libClearCore\Release\libClearCore.a(UsbManager.o)
                0x00014bb4                ClearCore::UsbManager::TxComplete(unsigned char, usb_xfer_code, unsigned long)
 .text._ZN9ClearCore10UsbManager8InstanceEv
                0x00014f84       0x68 D:\ClearCore-Motion-Stack\ProjectTemplate\libClearCore\Release\libClearCore.a(UsbManager.o)
                0x00014f84                ClearCore::UsbManager::Instance()
 .text._ZN9ClearCore10UsbManager10InitializeEv
                0x00014fec      0x460 D:\ClearCore-Motion-Stack\ProjectTemplate\libClearCore\Release\libClearCore.a(UsbManager.o)
                0x00014fec                ClearCore::UsbManager::Initialize()
 .text._ZN9ClearCore10UsbManager5SpeedEm
                0x0001544c        0x4 D:\ClearCore-Motion-Stack\ProjectTemplate\libClearCore\Release\libClearCore.a(UsbManager.o)
                0x0001544c                ClearCore::UsbManager::Speed(unsigned long)
 .text._ZN9ClearCore10UsbManager5SpeedEv
                0x00015450        0xc D:\ClearCore-Motion-Stack\ProjectTemplate\libClearCore\Release\libClearCore.a(UsbManager.o)
                0x00015450                ClearCore::UsbManager::Speed()